Component: ARM Compiler 5.06 update 7 (build 960) Tool: armlink [4d3601]

==============================================================================

Section Cross References

    startup_stm32f103xb.o(RESET) refers to startup_stm32f103xb.o(STACK) for __initial_sp
    startup_stm32f103xb.o(RESET) refers to startup_stm32f103xb.o(.text) for Reset_Handler
    startup_stm32f103xb.o(RESET) refers to stm32f1xx_it.o(i.NMI_Handler) for NMI_Handler
    startup_stm32f103xb.o(RESET) refers to stm32f1xx_it.o(i.HardFault_Handler) for HardFault_Handler
    startup_stm32f103xb.o(RESET) refers to stm32f1xx_it.o(i.MemManage_Handler) for MemManage_Handler
    startup_stm32f103xb.o(RESET) refers to stm32f1xx_it.o(i.BusFault_Handler) for BusFault_Handler
    startup_stm32f103xb.o(RESET) refers to stm32f1xx_it.o(i.UsageFault_Handler) for UsageFault_Handler
    startup_stm32f103xb.o(RESET) refers to port.o(.emb_text) for SVC_Handler
    startup_stm32f103xb.o(RESET) refers to stm32f1xx_it.o(i.DebugMon_Handler) for DebugMon_Handler
    startup_stm32f103xb.o(RESET) refers to stm32f1xx_it.o(i.SysTick_Handler) for SysTick_Handler
    startup_stm32f103xb.o(.text) refers to system_stm32f1xx.o(i.SystemInit) for SystemInit
    startup_stm32f103xb.o(.text) refers to entry.o(.ARM.Collect$$$$00000000) for __main
    main.o(i.SystemClock_Config) refers to memseta.o(.text) for __aeabi_memclr4
    main.o(i.SystemClock_Config) refers to stm32f1xx_hal_rcc.o(i.HAL_RCC_OscConfig) for HAL_RCC_OscConfig
    main.o(i.SystemClock_Config) refers to main.o(i.Error_Handler) for Error_Handler
    main.o(i.SystemClock_Config) refers to stm32f1xx_hal_rcc.o(i.HAL_RCC_ClockConfig) for HAL_RCC_ClockConfig
    main.o(i.main) refers to stm32f1xx_hal.o(i.HAL_Init) for HAL_Init
    main.o(i.main) refers to main.o(i.SystemClock_Config) for SystemClock_Config
    main.o(i.main) refers to gpio.o(i.MX_GPIO_Init) for MX_GPIO_Init
    main.o(i.main) refers to usart.o(i.MX_USART1_UART_Init) for MX_USART1_UART_Init
    main.o(i.main) refers to i2c.o(i.MX_I2C2_Init) for MX_I2C2_Init
    main.o(i.main) refers to can.o(i.MX_CAN_Init) for MX_CAN_Init
    main.o(i.main) refers to app_task.o(i.App_Task_Start) for App_Task_Start
    gpio.o(i.MX_GPIO_Init) refers to stm32f1xx_hal_gpio.o(i.HAL_GPIO_WritePin) for HAL_GPIO_WritePin
    gpio.o(i.MX_GPIO_Init) refers to stm32f1xx_hal_gpio.o(i.HAL_GPIO_Init) for HAL_GPIO_Init
    can.o(i.HAL_CAN_MspDeInit) refers to stm32f1xx_hal_gpio.o(i.HAL_GPIO_DeInit) for HAL_GPIO_DeInit
    can.o(i.HAL_CAN_MspInit) refers to stm32f1xx_hal_gpio.o(i.HAL_GPIO_Init) for HAL_GPIO_Init
    can.o(i.MX_CAN_Init) refers to stm32f1xx_hal_can.o(i.HAL_CAN_Init) for HAL_CAN_Init
    can.o(i.MX_CAN_Init) refers to main.o(i.Error_Handler) for Error_Handler
    can.o(i.MX_CAN_Init) refers to can.o(.bss) for hcan
    i2c.o(i.HAL_I2C_MspDeInit) refers to stm32f1xx_hal_gpio.o(i.HAL_GPIO_DeInit) for HAL_GPIO_DeInit
    i2c.o(i.HAL_I2C_MspInit) refers to stm32f1xx_hal_gpio.o(i.HAL_GPIO_Init) for HAL_GPIO_Init
    i2c.o(i.MX_I2C2_Init) refers to stm32f1xx_hal_i2c.o(i.HAL_I2C_Init) for HAL_I2C_Init
    i2c.o(i.MX_I2C2_Init) refers to main.o(i.Error_Handler) for Error_Handler
    i2c.o(i.MX_I2C2_Init) refers to i2c.o(.bss) for hi2c2
    usart.o(i.HAL_UART_MspDeInit) refers to stm32f1xx_hal_gpio.o(i.HAL_GPIO_DeInit) for HAL_GPIO_DeInit
    usart.o(i.HAL_UART_MspInit) refers to stm32f1xx_hal_gpio.o(i.HAL_GPIO_Init) for HAL_GPIO_Init
    usart.o(i.MX_USART1_UART_Init) refers to stm32f1xx_hal_uart.o(i.HAL_UART_Init) for HAL_UART_Init
    usart.o(i.MX_USART1_UART_Init) refers to main.o(i.Error_Handler) for Error_Handler
    usart.o(i.MX_USART1_UART_Init) refers to usart.o(.bss) for huart1
    stm32f1xx_it.o(i.SysTick_Handler) refers to stm32f1xx_hal.o(i.HAL_IncTick) for HAL_IncTick
    stm32f1xx_it.o(i.SysTick_Handler) refers to tasks.o(i.xTaskGetSchedulerState) for xTaskGetSchedulerState
    stm32f1xx_it.o(i.SysTick_Handler) refers to port.o(i.xPortSysTickHandler) for xPortSysTickHandler
    stm32f1xx_hal_can.o(i.HAL_CAN_DeInit) refers to stm32f1xx_hal_can.o(i.HAL_CAN_Stop) for HAL_CAN_Stop
    stm32f1xx_hal_can.o(i.HAL_CAN_DeInit) refers to can.o(i.HAL_CAN_MspDeInit) for HAL_CAN_MspDeInit
    stm32f1xx_hal_can.o(i.HAL_CAN_IRQHandler) refers to stm32f1xx_hal_can.o(i.HAL_CAN_TxMailbox0CompleteCallback) for HAL_CAN_TxMailbox0CompleteCallback
    stm32f1xx_hal_can.o(i.HAL_CAN_IRQHandler) refers to stm32f1xx_hal_can.o(i.HAL_CAN_TxMailbox0AbortCallback) for HAL_CAN_TxMailbox0AbortCallback
    stm32f1xx_hal_can.o(i.HAL_CAN_IRQHandler) refers to stm32f1xx_hal_can.o(i.HAL_CAN_TxMailbox1CompleteCallback) for HAL_CAN_TxMailbox1CompleteCallback
    stm32f1xx_hal_can.o(i.HAL_CAN_IRQHandler) refers to stm32f1xx_hal_can.o(i.HAL_CAN_TxMailbox1AbortCallback) for HAL_CAN_TxMailbox1AbortCallback
    stm32f1xx_hal_can.o(i.HAL_CAN_IRQHandler) refers to stm32f1xx_hal_can.o(i.HAL_CAN_TxMailbox2CompleteCallback) for HAL_CAN_TxMailbox2CompleteCallback
[...]
    ..\\Int\\OLED\\Int_OLED.c                0x00000000   Number         0  int_oled.o ABSOLUTE
    ..\\Mid\\FreeRTOS\\portable\\RVDS\\ARM_CM3\\port.c 0x00000000   Number         0  port.o ABSOLUTE
    cdcmple.s                                0x00000000   Number         0  cdcmple.o ABSOLUTE
    cdrcmple.s                               0x00000000   Number         0  cdrcmple.o ABSOLUTE
    cfcmple.s                                0x00000000   Number         0  cfcmple.o ABSOLUTE
    cfrcmple.s                               0x00000000   Number         0  cfrcmple.o ABSOLUTE
    dc.s                                     0x00000000   Number         0  dc.o ABSOLUTE
    handlers.s                               0x00000000   Number         0  handlers.o ABSOLUTE
    init.s                                   0x00000000   Number         0  init.o ABSOLUTE
    startup_stm32f103xb.s                    0x00000000   Number         0  startup_stm32f103xb.o ABSOLUTE
    RESET                                    0x08000000   Section      236  startup_stm32f103xb.o(RESET)
    .ARM.Collect$$$$00000000                 0x080000ec   Section        0  entry.o(.ARM.Collect$$$$00000000)
    .ARM.Collect$$$$00000001                 0x080000ec   Section        4  entry2.o(.ARM.Collect$$$$00000001)
    .ARM.Collect$$$$00000004                 0x080000f0   Section        4  entry5.o(.ARM.Collect$$$$00000004)
    .ARM.Collect$$$$00000008                 0x080000f4   Section        0  entry7b.o(.ARM.Collect$$$$00000008)
    .ARM.Collect$$$$0000000A                 0x080000f4   Section        0  entry8b.o(.ARM.Collect$$$$0000000A)
    .ARM.Collect$$$$0000000B                 0x080000f4   Section        8  entry9a.o(.ARM.Collect$$$$0000000B)
    .ARM.Collect$$$$0000000E                 0x080000fc   Section        4  entry12b.o(.ARM.Collect$$$$0000000E)
    .ARM.Collect$$$$0000000F                 0x08000100   Section        0  entry10a.o(.ARM.Collect$$$$0000000F)
    .ARM.Collect$$$$00000011                 0x08000100   Section        0  entry11a.o(.ARM.Collect$$$$00000011)
    .ARM.Collect$$$$00002712                 0x08000100   Section        4  entry2.o(.ARM.Collect$$$$00002712)
    __lit__00000000                          0x08000100   Data           4  entry2.o(.ARM.Collect$$$$00002712)
    .emb_text                                0x08000104   Section      150  port.o(.emb_text)
    .text                                    0x0800019c   Section       36  startup_stm32f103xb.o(.text)
    .text                                    0x080001c0   Section        0  llushr.o(.text)
    .text                                    0x080001e0   Section        0  memseta.o(.text)
    .text                                    0x08000204   Section        0  strlen.o(.text)
    .text                                    0x08000212   Section        0  strcmp.o(.text)
    .text                                    0x0800022e   Section        0  strrchr.o(.text)
    .text                                    0x08000244   Section        0  fadd.o(.text)
    .text                                    0x080002f4   Section        0  fmul.o(.text)
    .text                                    0x08000358   Section        0  fdiv.o(.text)
    .text                                    0x080003d4   Section        0  dadd.o(.text)
    .text                                    0x08000522   Section        0  dmul.o(.text)
    .text                                    0x08000606   Section        0  ddiv.o(.text)
    .text                                    0x080006e4   Section        0  fflti.o(.text)
    .text                                    0x080006f6   Section        0  dflti.o(.text)
    .text                                    0x08000718   Section        0  dfltui.o(.text)
    .text                                    0x08000732   Section        0  ffixui.o(.text)
    .text                                    0x0800075a   Section        0  dfixui.o(.text)
    .text                                    0x0800078c   Section        0  f2d.o(.text)
    .text                                    0x080007b2   Section        0  d2f.o(.text)
    .text                                    0x080007ec   Section       20  cfcmple.o(.text)
    .text                                    0x08000800   Section       20  cfrcmple.o(.text)
    .text                                    0x08000814   Section        0  uidiv.o(.text)
    .text                                    0x08000840   Section        0  uldiv.o(.text)
    .text                                    0x080008a2   Section        0  llshl.o(.text)
    .text                                    0x080008c0   Section        0  llsshr.o(.text)
    .text                                    0x080008e4   Section        0  iusefp.o(.text)
    .text                                    0x080008e4   Section        0  fepilogue.o(.text)
    .text                                    0x08000952   Section        0  depilogue.o(.text)
    .text                                    0x08000a0c   Section        0  dscalb.o(.text)
    .text                                    0x08000a3a   Section        0  dfixul.o(.text)
    .text                                    0x08000a6c   Section       48  cdcmple.o(.text)
    .text                                    0x08000a9c   Section       48  cdrcmple.o(.text)
    .text                                    0x08000acc   Section       36  init.o(.text)
    .text                                    0x08000af0   Section        0  __dczerorl.o(.text)
    i.App_Task_Start                         0x08000b2c   Section        0  app_task.o(i.App_Task_Start)
    i.App_display_Init                       0x08000d0c   Section        0  app_display.o(i.App_display_Init)
    i.App_display_handle                     0x08000d54   Section        0  app_display.o(i.App_display_handle)
    i.BQ769x0_CRC8                           0x08000e8c   Section        0  int_bq769.o(i.BQ769x0_CRC8)
    BQ769x0_CRC8                             0x08000e8d   Thumb Code    60  int_bq769.o(i.BQ769x0_CRC8)
    i.BusFault_Handler                       0x08000ec8   Section        0  stm32f1xx_it.o(i.BusFault_Handler)
    i.DebugMon_Handler                       0x08000ecc   Section        0  stm32f1xx_it.o(i.DebugMon_Handler)
    i.Error_Handler                          0x08000ece   Section        0  main.o(i.Error_Handler)
    i.HAL_CAN_ConfigFilter                   0x08000ed4   Section        0  stm32f1xx_hal_can.o(i.HAL_CAN_ConfigFilter)
    i.HAL_CAN_GetRxFifoFillLevel             0x08000fde   Section        0  stm32f1xx_hal_can.o(i.HAL_CAN_GetRxFifoFillLevel)
    i.HAL_CAN_GetRxMessage                   0x08001006   Section        0  stm32f1xx_hal_can.o(i.HAL_CAN_GetRxMessage)
    i.HAL_CAN_Init                           0x0800119a   Section        0  stm32f1xx_hal_can.o(i.HAL_CAN_Init)
    i.HAL_CAN_MspInit                        0x08001310   Section        0  can.o(i.HAL_CAN_MspInit)
    i.HAL_CAN_Start                          0x08001398   Section        0  stm32f1xx_hal_can.o(i.HAL_CAN_Start)
    i.HAL_Delay                              0x080013f8   Section        0  stm32f1xx_hal.o(i.HAL_Delay)
    i.HAL_GPIO_Init                          0x08001420   Section        0  stm32f1xx_hal_gpio.o(i.HAL_GPIO_Init)
    i.HAL_GPIO_WritePin                      0x08001740   Section        0  stm32f1xx_hal_gpio.o(i.HAL_GPIO_WritePin)
    i.HAL_GetTick                            0x0800174c   Section        0  stm32f1xx_hal.o(i.HAL_GetTick)
    i.HAL_I2C_Init                           0x08001758   Section        0  stm32f1xx_hal_i2c.o(i.HAL_I2C_Init)
    i.HAL_I2C_Master_Transmit                0x08001928   Section        0  stm32f1xx_hal_i2c.o(i.HAL_I2C_Master_Transmit)
    i.HAL_I2C_Mem_Read                       0x08001a98   Section        0  stm32f1xx_hal_i2c.o(i.HAL_I2C_Mem_Read)
    i.HAL_I2C_Mem_Write                      0x08001e0c   Section        0  stm32f1xx_hal_i2c.o(i.HAL_I2C_Mem_Write)
    i.HAL_I2C_MspInit                        0x08001f70   Section        0  i2c.o(i.HAL_I2C_MspInit)
    i.HAL_IncTick                            0x08001fe8   Section        0  stm32f1xx_hal.o(i.HAL_IncTick)
    i.HAL_Init                               0x08002000   Section        0  stm32f1xx_hal.o(i.HAL_Init)
    i.HAL_InitTick                           0x08002028   Section        0  stm32f1xx_hal.o(i.HAL_InitTick)
    i.HAL_MspInit                            0x08002074   Section        0  stm32f1xx_hal_msp.o(i.HAL_MspInit)
    i.HAL_NVIC_SetPriority                   0x080020c8   Section        0  stm32f1xx_hal_cortex.o(i.HAL_NVIC_SetPriority)
    i.HAL_NVIC_SetPriorityGrouping           0x08002144   Section        0  stm32f1xx_hal_cortex.o(i.HAL_NVIC_SetPriorityGrouping)
    i.HAL_RCC_ClockConfig                    0x0800216c   Section        0  stm32f1xx_hal_rcc.o(i.HAL_RCC_ClockConfig)
    i.HAL_RCC_GetHCLKFreq                    0x080022f8   Section        0  stm32f1xx_hal_rcc.o(i.HAL_RCC_GetHCLKFreq)
    i.HAL_RCC_GetPCLK1Freq                   0x08002304   Section        0  stm32f1xx_hal_rcc.o(i.HAL_RCC_GetPCLK1Freq)
    i.HAL_RCC_GetPCLK2Freq                   0x08002324   Section        0  stm32f1xx_hal_rcc.o(i.HAL_RCC_GetPCLK2Freq)
    i.HAL_RCC_GetSysClockFreq                0x08002344   Section        0  stm32f1xx_hal_rcc.o(i.HAL_RCC_GetSysClockFreq)
    i.HAL_RCC_OscConfig                      0x080023b4   Section        0  stm32f1xx_hal_rcc.o(i.HAL_RCC_OscConfig)
    i.HAL_SYSTICK_Config                     0x08002818   Section        0  stm32f1xx_hal_cortex.o(i.HAL_SYSTICK_Config)
    i.HAL_UART_Init                          0x0800284c   Section        0  stm32f1xx_hal_uart.o(i.HAL_UART_Init)
    i.HAL_UART_MspInit                       0x080028c4   Section        0  usart.o(i.HAL_UART_MspInit)
    i.HAL_UART_Transmit                      0x0800294c   Section        0  stm32f1xx_hal_uart.o(i.HAL_UART_Transmit)
    i.HardFault_Handler                      0x08002a0a   Section        0  stm32f1xx_it.o(i.HardFault_Handler)
    i.I2C_IsAcknowledgeFailed                0x08002a0e   Section        0  stm32f1xx_hal_i2c.o(i.I2C_IsAcknowledgeFailed)
    I2C_IsAcknowledgeFailed                  0x08002a0f   Thumb Code    62  stm32f1xx_hal_i2c.o(i.I2C_IsAcknowledgeFailed)
    i.I2C_MasterRequestWrite                 0x08002a4c   Section        0  stm32f1xx_hal_i2c.o(i.I2C_MasterRequestWrite)
    I2C_MasterRequestWrite                   0x08002a4d   Thumb Code   186  stm32f1xx_hal_i2c.o(i.I2C_MasterRequestWrite)
    i.I2C_RequestMemoryRead                  0x08002b0c   Section        0  stm32f1xx_hal_i2c.o(i.I2C_RequestMemoryRead)
    I2C_RequestMemoryRead                    0x08002b0d   Thumb Code   348  stm32f1xx_hal_i2c.o(i.I2C_RequestMemoryRead)
    i.I2C_RequestMemoryWrite                 0x08002c6c   Section        0  stm32f1xx_hal_i2c.o(i.I2C_RequestMemoryWrite)
    I2C_RequestMemoryWrite                   0x08002c6d   Thumb Code   220  stm32f1xx_hal_i2c.o(i.I2C_RequestMemoryWrite)
    i.I2C_WaitOnBTFFlagUntilTimeout          0x08002d4c   Section        0  stm32f1xx_hal_i2c.o(i.I2C_WaitOnBTFFlagUntilTimeout)
    I2C_WaitOnBTFFlagUntilTimeout            0x08002d4d   Thumb Code   102  stm32f1xx_hal_i2c.o(i.I2C_WaitOnBTFFlagUntilTimeout)
    i.I2C_WaitOnFlagUntilTimeout             0x08002db2   Section        0  stm32f1xx_hal_i2c.o(i.I2C_WaitOnFlagUntilTimeout)
    I2C_WaitOnFlagUntilTimeout               0x08002db3   Thumb Code   190  stm32f1xx_hal_i2c.o(i.I2C_WaitOnFlagUntilTimeout)
    i.I2C_WaitOnMasterAddressFlagUntilTimeout 0x08002e70   Section        0  stm32f1xx_hal_i2c.o(i.I2C_WaitOnMasterAddressFlagUntilTimeout)
    I2C_WaitOnMasterAddressFlagUntilTimeout  0x08002e71   Thumb Code   250  stm32f1xx_hal_i2c.o(i.I2C_WaitOnMasterAddressFlagUntilTimeout)
    i.I2C_WaitOnRXNEFlagUntilTimeout         0x08002f6a   Section        0  stm32f1xx_hal_i2c.o(i.I2C_WaitOnRXNEFlagUntilTimeout)
    I2C_WaitOnRXNEFlagUntilTimeout           0x08002f6b   Thumb Code   138  stm32f1xx_hal_i2c.o(i.I2C_WaitOnRXNEFlagUntilTimeout)
    i.I2C_WaitOnTXEFlagUntilTimeout          0x08002ff4   Section        0  stm32f1xx_hal_i2c.o(i.I2C_WaitOnTXEFlagUntilTimeout)
    I2C_WaitOnTXEFlagUntilTimeout            0x08002ff5   Thumb Code   102  stm32f1xx_hal_i2c.o(i.I2C_WaitOnTXEFlagUntilTimeout)
    i.Inf_OLED_Clear                         0x0800305c   Section        0  int_oled.o(i.Inf_OLED_Clear)
    i.Inf_OLED_DrawPoint                     0x0800308c   Section        0  int_oled.o(i.Inf_OLED_DrawPoint)
    i.Inf_OLED_Init                          0x08003104   Section        0  int_oled.o(i.Inf_OLED_Init)
    i.Inf_OLED_Refresh                       0x080031f4   Section        0  int_oled.o(i.Inf_OLED_Refresh)
    i.Inf_OLED_ShowChar                      0x08003240   Section        0  int_oled.o(i.Inf_OLED_ShowChar)
    i.Inf_OLED_ShowChinese                   0x0800337c   Section        0  int_oled.o(i.Inf_OLED_ShowChinese)
    i.Inf_OLED_ShowString                    0x0800343c   Section        0  int_oled.o(i.Inf_OLED_ShowString)
    i.Inf_OLED_WR_Byte                       0x0800348c   Section        0  int_oled.o(i.Inf_OLED_WR_Byte)
    i.Int_BQ769_ChargeCtrl                   0x080034b8   Section        0  int_bq769.o(i.Int_BQ769_ChargeCtrl)
    i.Int_BQ769_DisChargeCtrl                0x08003584   Section        0  int_bq769.o(i.Int_BQ769_DisChargeCtrl)
    i.Int_BQ769_GetCellVoltage               0x08003650   Section        0  int_bq769.o(i.Int_BQ769_GetCellVoltage)
    i.Int_BQ769_GetCurrent                   0x08003790   Section        0  int_bq769.o(i.Int_BQ769_GetCurrent)
    i.Int_BQ769_GetGAIN                      0x08003960   Section        0  int_bq769.o(i.Int_BQ769_GetGAIN)
    Int_BQ769_GetGAIN                        0x08003961   Thumb Code    56  int_bq769.o(i.Int_BQ769_GetGAIN)
    i.Int_BQ769_GetOFFSET                    0x08003998   Section        0  int_bq769.o(i.Int_BQ769_GetOFFSET)
    Int_BQ769_GetOFFSET                      0x08003999   Thumb Code    28  int_bq769.o(i.Int_BQ769_GetOFFSET)
    i.Int_BQ769_GetPackVoltage               0x080039b4   Section        0  int_bq769.o(i.Int_BQ769_GetPackVoltage)
    i.Int_BQ769_GetSOC                       0x08003af8   Section        0  int_bq769.o(i.Int_BQ769_GetSOC)
    i.Int_BQ769_GetSOCIndex                  0x08003cf0   Section        0  int_bq769.o(i.Int_BQ769_GetSOCIndex)
    Int_BQ769_GetSOCIndex                    0x08003cf1   Thumb Code    50  int_bq769.o(i.Int_BQ769_GetSOCIndex)
    i.Int_BQ769_GetTemperature               0x08003d28   Section        0  int_bq769.o(i.Int_BQ769_GetTemperature)
    i.Int_BQ769_Init                         0x08003ef0   Section        0  int_bq769.o(i.Int_BQ769_Init)
    i.Int_BQ769_ReadReg                      0x0800452c   Section        0  int_bq769.o(i.Int_BQ769_ReadReg)
    Int_BQ769_ReadReg                        0x0800452d   Thumb Code   122  int_bq769.o(i.Int_BQ769_ReadReg)
    i.Int_BQ769_WKUP                         0x080045b0   Section        0  int_bq769.o(i.Int_BQ769_WKUP)
    Int_BQ769_WKUP                           0x080045b1   Thumb Code    40  int_bq769.o(i.Int_BQ769_WKUP)
    i.Int_BQ769_WriteReg                     0x080045dc   Section        0  int_bq769.o(i.Int_BQ769_WriteReg)
    Int_BQ769_WriteReg                       0x080045dd   Thumb Code    88  int_bq769.o(i.Int_BQ769_WriteReg)
    i.Int_CAN_Init                           0x08004638   Section        0  int_can.o(i.Int_CAN_Init)
    i.Int_CAN_Receive_Msg                    0x0800466c   Section        0  int_can.o(i.Int_CAN_Receive_Msg)
    i.MX_CAN_Init                            0x080046b4   Section        0  can.o(i.MX_CAN_Init)
    i.MX_GPIO_Init                           0x080046fc   Section        0  gpio.o(i.MX_GPIO_Init)
    i.MX_I2C2_Init                           0x080047a8   Section        0  i2c.o(i.MX_I2C2_Init)
    i.MX_USART1_UART_Init                    0x080047e4   Section        0  usart.o(i.MX_USART1_UART_Init)
    i.MemManage_Handler                      0x0800481c   Section        0  stm32f1xx_it.o(i.MemManage_Handler)
    i.NMI_Handler                            0x08004820   Section        0  stm32f1xx_it.o(i.NMI_Handler)
    i.RCC_Delay                              0x08004824   Section        0  stm32f1xx_hal_rcc.o(i.RCC_Delay)
    RCC_Delay                                0x08004825   Thumb Code    36  stm32f1xx_hal_rcc.o(i.RCC_Delay)
    i.SysTick_Handler                        0x0800484c   Section        0  stm32f1xx_it.o(i.SysTick_Handler)
    i.SystemClock_Config                     0x08004860   Section        0  main.o(i.SystemClock_Config)
    i.SystemInit                             0x080048c6   Section        0  system_stm32f1xx.o(i.SystemInit)
    i.UART_EndRxTransfer                     0x080048c8   Section        0  stm32f1xx_hal_uart.o(i.UART_EndRxTransfer)
    UART_EndRxTransfer                       0x080048c9   Thumb Code   108  stm32f1xx_hal_uart.o(i.UART_EndRxTransfer)
    i.UART_SetConfig                         0x08004934   Section        0  stm32f1xx_hal_uart.o(i.UART_SetConfig)
    UART_SetConfig                           0x08004935   Thumb Code   248  stm32f1xx_hal_uart.o(i.UART_SetConfig)
    i.UART_WaitOnFlagUntilTimeout            0x08004a30   Section        0  stm32f1xx_hal_uart.o(i.UART_WaitOnFlagUntilTimeout)
    UART_WaitOnFlagUntilTimeout              0x08004a31   Thumb Code   140  stm32f1xx_hal_uart.o(i.UART_WaitOnFlagUntilTimeout)
    i.UsageFault_Handler                     0x08004abc   Section        0  stm32f1xx_it.o(i.UsageFault_Handler)
    i.__0printf                              0x08004ac0   Section        0  printfa.o(i.__0printf)
    i.__0sprintf                             0x08004ae0   Section        0  printfa.o(i.__0sprintf)
    i.__NVIC_GetPriorityGrouping             0x08004b08   Section        0  stm32f1xx_hal_cortex.o(i.__NVIC_GetPriorityGrouping)
    __NVIC_GetPriorityGrouping               0x08004b09   Thumb Code    10  stm32f1xx_hal_cortex.o(i.__NVIC_GetPriorityGrouping)
    i.__NVIC_SetPriority                     0x08004b18   Section        0  stm32f1xx_hal_cortex.o(i.__NVIC_SetPriority)
    __NVIC_SetPriority                       0x08004b19   Thumb Code    32  stm32f1xx_hal_cortex.o(i.__NVIC_SetPriority)
    i.__kernel_poly                          0x08004b40   Section        0  poly.o(i.__kernel_poly)
    i.__mathlib_dbl_divzero                  0x08004bec   Section        0  dunder.o(i.__mathlib_dbl_divzero)
    i.__mathlib_dbl_infnan                   0x08004bfc   Section        0  dunder.o(i.__mathlib_dbl_infnan)
    i.__mathlib_dbl_invalid                  0x08004c02   Section        0  dunder.o(i.__mathlib_dbl_invalid)
    i.__scatterload_copy                     0x08004c0e   Section       14  handlers.o(i.__scatterload_copy)
    i.__scatterload_null                     0x08004c1c   Section        2  handlers.o(i.__scatterload_null)
    i.__scatterload_zeroinit                 0x08004c1e   Section       14  handlers.o(i.__scatterload_zeroinit)
    i.__set_errno                            0x08004c2c   Section        0  errno.o(i.__set_errno)
    i._fp_digits                             0x08004c38   Section        0  printfa.o(i._fp_digits)
    _fp_digits                               0x08004c39   Thumb Code   366  printfa.o(i._fp_digits)
    i._printf_core                           0x08004dbc   Section        0  printfa.o(i._printf_core)
    _printf_core                             0x08004dbd   Thumb Code  1704  printfa.o(i._printf_core)
    i._printf_post_padding                   0x08005470   Section        0  printfa.o(i._printf_post_padding)
    _printf_post_padding                     0x08005471   Thumb Code    36  printfa.o(i._printf_post_padding)
    i._printf_pre_padding                    0x08005494   Section        0  printfa.o(i._printf_pre_padding)
    _printf_pre_padding                      0x08005495   Thumb Code    46  printfa.o(i._printf_pre_padding)
    i._sputc                                 0x080054c2   Section        0  printfa.o(i._sputc)
    _sputc                                   0x080054c3   Thumb Code    10  printfa.o(i._sputc)
    i.bq_task                                0x080054cc   Section        0  app_task.o(i.bq_task)
    i.can_task                               0x08005868   Section        0  app_task.o(i.can_task)
    i.display_task                           0x08005bb0   Section        0  app_task.o(i.display_task)
    i.fputc                                  0x08005bc4   Section        0  com_debug.o(i.fputc)
    i.log                                    0x08005be0   Section        0  log.o(i.log)
    i.main                                   0x08005f3c   Section        0  main.o(i.main)
    i.prvAddCurrentTaskToDelayedList         0x08005f5c   Section        0  tasks.o(i.prvAddCurrentTaskToDelayedList)
    prvAddCurrentTaskToDelayedList           0x08005f5d   Thumb Code   164  tasks.o(i.prvAddCurrentTaskToDelayedList)
    i.prvAddNewTaskToReadyList               0x0800601c   Section        0  tasks.o(i.prvAddNewTaskToReadyList)
    prvAddNewTaskToReadyList                 0x0800601d   Thumb Code   200  tasks.o(i.prvAddNewTaskToReadyList)
    i.prvCheckTasksWaitingTermination        0x08006100   Section        0  tasks.o(i.prvCheckTasksWaitingTermination)
    prvCheckTasksWaitingTermination          0x08006101   Thumb Code    60  tasks.o(i.prvCheckTasksWaitingTermination)
    i.prvDeleteTCB                           0x08006148   Section        0  tasks.o(i.prvDeleteTCB)
    prvDeleteTCB                             0x08006149   Thumb Code    18  tasks.o(i.prvDeleteTCB)
    i.prvHeapInit                            0x0800615c   Section        0  heap_4.o(i.prvHeapInit)
    prvHeapInit                              0x0800615d   Thumb Code    90  heap_4.o(i.prvHeapInit)
    i.prvIdleTask                            0x080061cc   Section        0  tasks.o(i.prvIdleTask)
    prvIdleTask                              0x080061cd   Thumb Code    32  tasks.o(i.prvIdleTask)
    i.prvInitialiseNewTask                   0x080061f4   Section        0  tasks.o(i.prvInitialiseNewTask)
    prvInitialiseNewTask                     0x080061f5   Thumb Code   122  tasks.o(i.prvInitialiseNewTask)
    i.prvInitialiseTaskLists                 0x08006270   Section        0  tasks.o(i.prvInitialiseTaskLists)
    prvInitialiseTaskLists                   0x08006271   Thumb Code    70  tasks.o(i.prvInitialiseTaskLists)
    i.prvInsertBlockIntoFreeList             0x080062d8   Section        0  heap_4.o(i.prvInsertBlockIntoFreeList)
    prvInsertBlockIntoFreeList               0x080062d9   Thumb Code    96  heap_4.o(i.prvInsertBlockIntoFreeList)
    i.prvResetNextTaskUnblockTime            0x08006340   Section        0  tasks.o(i.prvResetNextTaskUnblockTime)
    prvResetNextTaskUnblockTime              0x08006341   Thumb Code    40  tasks.o(i.prvResetNextTaskUnblockTime)
    i.prvTaskExitError                       0x08006370   Section        0  port.o(i.prvTaskExitError)
    prvTaskExitError                         0x08006371   Thumb Code    22  port.o(i.prvTaskExitError)
    i.pvPortMalloc                           0x08006388   Section        0  heap_4.o(i.pvPortMalloc)
    i.pxPortInitialiseStack                  0x0800646c   Section        0  port.o(i.pxPortInitialiseStack)
    i.start_task                             0x08006490   Section        0  app_task.o(i.start_task)
    i.uxListRemove                           0x08006924   Section        0  list.o(i.uxListRemove)
    i.vListInitialise                        0x0800694c   Section        0  list.o(i.vListInitialise)
    i.vListInitialiseItem                    0x08006966   Section        0  list.o(i.vListInitialiseItem)
    i.vListInsert                            0x0800696c   Section        0  list.o(i.vListInsert)
    i.vListInsertEnd                         0x080069a0   Section        0  list.o(i.vListInsertEnd)
    i.vPortEnterCritical                     0x080069b8   Section        0  port.o(i.vPortEnterCritical)
    i.vPortExitCritical                      0x080069dc   Section        0  port.o(i.vPortExitCritical)
    i.vPortFree                              0x080069fc   Section        0  heap_4.o(i.vPortFree)
    i.vPortSetupTimerInterrupt               0x08006a48   Section        0  port.o(i.vPortSetupTimerInterrupt)
    i.vTaskDelay                             0x08006a60   Section        0  tasks.o(i.vTaskDelay)
    i.vTaskDelete                            0x08006a94   Section        0  tasks.o(i.vTaskDelete)
    i.vTaskStartScheduler                    0x08006b68   Section        0  tasks.o(i.vTaskStartScheduler)
    i.vTaskSuspendAll                        0x08006bd4   Section        0  tasks.o(i.vTaskSuspendAll)
    i.vTaskSwitchContext                     0x08006be4   Section        0  tasks.o(i.vTaskSwitchContext)
    i.xPortStartScheduler                    0x08006c44   Section        0  port.o(i.xPortStartScheduler)
    i.xPortSysTickHandler                    0x08006c78   Section        0  port.o(i.xPortSysTickHandler)
    i.xTaskCreate                            0x08006cac   Section        0  tasks.o(i.xTaskCreate)
    i.xTaskGetSchedulerState                 0x08006d14   Section        0  tasks.o(i.xTaskGetSchedulerState)
    i.xTaskIncrementTick                     0x08006d34   Section        0  tasks.o(i.xTaskIncrementTick)
    i.xTaskResumeAll                         0x08006ec4   Section        0  tasks.o(i.xTaskResumeAll)
    .constdata                               0x08007020   Section       18  stm32f1xx_hal_rcc.o(.constdata)
    aPLLMULFactorTable                       0x08007020   Data          16  stm32f1xx_hal_rcc.o(.constdata)
    aPredivFactorTable                       0x08007030   Data           2  stm32f1xx_hal_rcc.o(.constdata)
    .constdata                               0x08007032   Section       24  system_stm32f1xx.o(.constdata)
    .constdata                               0x0800704a   Section     6856  int_oled.o(.constdata)
    .constdata                               0x08008b18   Section       56  log.o(.constdata)
    Lg2                                      0x08008b18   Data          24  log.o(.constdata)
    Lg                                       0x08008b30   Data          32  log.o(.constdata)
    .constdata                               0x08008b50   Section        8  qnan.o(.constdata)
    .data                                    0x20000000   Section        9  stm32f1xx_hal.o(.data)
    .data                                    0x2000000c   Section        4  system_stm32f1xx.o(.data)
    .data                                    0x20000010   Section       32  app_task.o(.data)
    .data                                    0x20000030   Section        8  app_display.o(.data)
    .data                                    0x20000038   Section      212  int_bq769.o(.data)
    .data                                    0x2000010c   Section       28  heap_4.o(.data)
    xStart                                   0x2000010c   Data           8  heap_4.o(.data)
    pxEnd                                    0x20000114   Data           4  heap_4.o(.data)
    xFreeBytesRemaining                      0x20000118   Data           4  heap_4.o(.data)
    xMinimumEverFreeBytesRemaining           0x2000011c   Data           4  heap_4.o(.data)
    xNumberOfSuccessfulAllocations           0x20000120   Data           4  heap_4.o(.data)
    xNumberOfSuccessfulFrees                 0x20000124   Data           4  heap_4.o(.data)
    .data                                    0x20000128   Section        4  port.o(.data)
    uxCriticalNesting                        0x20000128   Data           4  port.o(.data)
    .data                                    0x2000012c   Section       64  tasks.o(.data)
    pxDelayedTaskList                        0x20000130   Data           4  tasks.o(.data)
    pxOverflowDelayedTaskList                0x20000134   Data           4  tasks.o(.data)
    uxDeletedTasksWaitingCleanUp             0x20000138   Data           4  tasks.o(.data)
    uxCurrentNumberOfTasks                   0x2000013c   Data           4  tasks.o(.data)
    xTickCount                               0x20000140   Data           4  tasks.o(.data)
    uxTopReadyPriority                       0x20000144   Data           4  tasks.o(.data)
    xSchedulerRunning                        0x20000148   Data           4  tasks.o(.data)
    xPendedTicks                             0x2000014c   Data           4  tasks.o(.data)
    xYieldPending                            0x20000150   Data           4  tasks.o(.data)
    xNumOfOverflows                          0x20000154   Data           4  tasks.o(.data)
    uxTaskNumber                             0x20000158   Data           4  tasks.o(.data)
    xNextTaskUnblockTime                     0x2000015c   Data           4  tasks.o(.data)
    xIdleTaskHandle                          0x20000160   Data           4  tasks.o(.data)
    uxSchedulerSuspended                     0x20000168   Data           4  tasks.o(.data)
    .data                                    0x2000016c   Section        4  stdout.o(.data)
    .data                                    0x20000170   Section        4  errno.o(.data)
    _errno                                   0x20000170   Data           4  errno.o(.data)
    .bss                                     0x20000174   Section       40  can.o(.bss)
    .bss                                     0x2000019c   Section       84  i2c.o(.bss)
    .bss                                     0x200001f0   Section       72  usart.o(.bss)
    .bss                                     0x20000238   Section       20  app_task.o(.bss)
    .bss                                     0x2000024c   Section      184  int_bq769.o(.bss)
    .bss                                     0x20000304   Section     1152  int_oled.o(.bss)
    .bss                                     0x20000784   Section    12288  heap_4.o(.bss)
    ucHeap                                   0x20000784   Data       12288  heap_4.o(.bss)
    .bss                                     0x20003784   Section      740  tasks.o(.bss)
    pxReadyTasksLists                        0x20003784   Data         640  tasks.o(.bss)
    xDelayedTaskList1                        0x20003a04   Data          20  tasks.o(.bss)
    xDelayedTaskList2                        0x20003a18   Data          20  tasks.o(.bss)
    xPendingReadyList                        0x20003a2c   Data          20  tasks.o(.bss)
    xTasksWaitingTermination                 0x20003a40   Data          20  tasks.o(.bss)
    xSuspendedTaskList                       0x20003a54   Data          20  tasks.o(.bss)
    STACK                                    0x20003a68   Section     1024  startup_stm32f103xb.o(STACK)

    Global Symbols

    Symbol Name                              Value     Ov Type        Size  Object(Section)

    BuildAttributes$$THM_ISAv4$P$D$K$B$S$PE$A:L22UL41UL21$X:L11$S22US41US21$IEEE1$IW$USESV6$~STKCKD$USESV7$~SHL$OTIME$ROPI$IEEEX$EBA8$MICROLIB$REQ8$PRES8$EABIv2 0x00000000   Number         0  anon$$obj.o ABSOLUTE
    __ARM_use_no_argv                        0x00000000   Number         0  main.o ABSOLUTE
    _printf_a                                0x00000000   Number         0  stubs.o ABSOLUTE
    _printf_c                                0x00000000   Number         0  stubs.o ABSOLUTE
    _printf_charcount                        0x00000000   Number         0  stubs.o ABSOLUTE
    _printf_d                                0x00000000   Number         0  stubs.o ABSOLUTE
    _printf_e                                0x00000000   Number         0  stubs.o ABSOLUTE
    _printf_f                                0x00000000   Number         0  stubs.o ABSOLUTE
    _printf_flags                            0x00000000   Number         0  stubs.o ABSOLUTE
    _printf_fp_dec                           0x00000000   Number         0  stubs.o ABSOLUTE
    _printf_fp_hex                           0x00000000   Number         0  stubs.o ABSOLUTE
    _printf_g                                0x00000000   Number         0  stubs.o ABSOLUTE
    _printf_i                                0x00000000   Number         0  stubs.o ABSOLUTE
    _printf_int_dec                          0x00000000   Number         0  stubs.o ABSOLUTE
    _printf_l                                0x00000000   Number         0  stubs.o ABSOLUTE
    _printf_lc                               0x00000000   Number         0  stubs.o ABSOLUTE
    _printf_ll                               0x00000000   Number         0  stubs.o ABSOLUTE
    _printf_lld                              0x00000000   Number         0  stubs.o ABSOLUTE
    _printf_lli                              0x00000000   Number         0  stubs.o ABSOLUTE
    _printf_llo                              0x00000000   Number         0  stubs.o ABSOLUTE
    _printf_llu                              0x00000000   Number         0  stubs.o ABSOLUTE
    _printf_llx                              0x00000000   Number         0  stubs.o ABSOLUTE
    _printf_longlong_dec                     0x00000000   Number         0  stubs.o ABSOLUTE
    _printf_longlong_hex                     0x00000000   Number         0  stubs.o ABSOLUTE
    _printf_longlong_oct                     0x00000000   Number         0  stubs.o ABSOLUTE
    _printf_ls                               0x00000000   Number         0  stubs.o ABSOLUTE
    _printf_mbtowc                           0x00000000   Number         0  stubs.o ABSOLUTE
    _printf_n                                0x00000000   Number         0  stubs.o ABSOLUTE
    _printf_o                                0x00000000   Number         0  stubs.o ABSOLUTE
    _printf_p                                0x00000000   Number         0  stubs.o ABSOLUTE
    _printf_percent                          0x00000000   Number         0  stubs.o ABSOLUTE
    _printf_pre_padding                      0x00000000   Number         0  stubs.o ABSOLUTE
    _printf_return_value                     0x00000000   Number         0  stubs.o ABSOLUTE
    _printf_s                                0x00000000   Number         0  stubs.o ABSOLUTE
    _printf_sizespec                         0x00000000   Number         0  stubs.o ABSOLUTE
    _printf_str                              0x00000000   Number         0  stubs.o ABSOLUTE
    _printf_truncate_signed                  0x00000000   Number         0  stubs.o ABSOLUTE
    _printf_truncate_unsigned                0x00000000   Number         0  stubs.o ABSOLUTE
    _printf_u                                0x00000000   Number         0  stubs.o ABSOLUTE
    _printf_wc                               0x00000000   Number         0  stubs.o ABSOLUTE
    _printf_wctomb                           0x00000000   Number         0  stubs.o ABSOLUTE
    _printf_widthprec                        0x00000000   Number         0  stubs.o ABSOLUTE
    _printf_x                                0x00000000   Number         0  stubs.o ABSOLUTE
    __arm_fini_                               - Undefined Weak Reference
    __cpp_initialize__aeabi_                  - Undefined Weak Reference
    __cxa_finalize                            - Undefined Weak Reference
    _clock_init                               - Undefined Weak Reference
    _microlib_exit                            - Undefined Weak Reference
    __Vectors_Size                           0x000000ec   Number         0  startup_stm32f103xb.o ABSOLUTE
    __Vectors                                0x08000000   Data           4  startup_stm32f103xb.o(RESET)
    __Vectors_End                            0x080000ec   Data           0  startup_stm32f103xb.o(RESET)
    __main                                   0x080000ed   Thumb Code     0  entry.o(.ARM.Collect$$$$00000000)
    _main_stk                                0x080000ed   Thumb Code     0  entry2.o(.ARM.Collect$$$$00000001)
    _main_scatterload                        0x080000f1   Thumb Code     0  entry5.o(.ARM.Collect$$$$00000004)
    __main_after_scatterload                 0x080000f5   Thumb Code     0  entry5.o(.ARM.Collect$$$$00000004)
    _main_clock                              0x080000f5   Thumb Code     0  entry7b.o(.ARM.Collect$$$$00000008)
    _main_cpp_init                           0x080000f5   Thumb Code     0  entry8b.o(.ARM.Collect$$$$0000000A)
    _main_init                               0x080000f5   Thumb Code     0  entry9a.o(.ARM.Collect$$$$0000000B)
    __rt_lib_shutdown_fini                   0x080000fd   Thumb Code     0  entry12b.o(.ARM.Collect$$$$0000000E)
    __rt_final_cpp                           0x08000101   Thumb Code     0  entry10a.o(.ARM.Collect$$$$0000000F)
    __rt_final_exit                          0x08000101   Thumb Code     0  entry11a.o(.ARM.Collect$$$$00000011)
    SVC_Handler                              0x08000105   Thumb Code    32  port.o(.emb_text)
    __asm___6_port_c_39a90d8d__prvStartFirstTask 0x08000129   Thumb Code    28  port.o(.emb_text)
    PendSV_Handler                           0x08000149   Thumb Code    72  port.o(.emb_text)
    vPortGetIPSR                             0x08000195   Thumb Code     6  port.o(.emb_text)
    Reset_Handler                            0x0800019d   Thumb Code     8  startup_stm32f103xb.o(.text)
    ADC1_2_IRQHandler                        0x080001b7   Thumb Code     0  startup_stm32f103xb.o(.text)
    CAN1_RX1_IRQHandler                      0x080001b7   Thumb Code     0  startup_stm32f103xb.o(.text)
    CAN1_SCE_IRQHandler                      0x080001b7   Thumb Code     0  startup_stm32f103xb.o(.text)
    DMA1_Channel1_IRQHandler                 0x080001b7   Thumb Code     0  startup_stm32f103xb.o(.text)
    DMA1_Channel2_IRQHandler                 0x080001b7   Thumb Code     0  startup_stm32f103xb.o(.text)
    DMA1_Channel3_IRQHandler                 0x080001b7   Thumb Code     0  startup_stm32f103xb.o(.text)
    DMA1_Channel4_IRQHandler                 0x080001b7   Thumb Code     0  startup_stm32f103xb.o(.text)
    DMA1_Channel5_IRQHandler                 0x080001b7   Thumb Code     0  startup_stm32f103xb.o(.text)
    DMA1_Channel6_IRQHandler                 0x080001b7   Thumb Code     0  startup_stm32f103xb.o(.text)
    DMA1_Channel7_IRQHandler                 0x080001b7   Thumb Code     0  startup_stm32f103xb.o(.text)
    EXTI0_IRQHandler                         0x080001b7   Thumb Code     0  startup_stm32f103xb.o(.text)
    EXTI15_10_IRQHandler                     0x080001b7   Thumb Code     0  startup_stm32f103xb.o(.text)
    EXTI1_IRQHandler                         0x080001b7   Thumb Code     0  startup_stm32f103xb.o(.text)
    EXTI2_IRQHandler                         0x080001b7   Thumb Code     0  startup_stm32f103xb.o(.text)
    EXTI3_IRQHandler                         0x080001b7   Thumb Code     0  startup_stm32f103xb.o(.text)
    EXTI4_IRQHandler                         0x080001b7   Thumb Code     0  startup_stm32f103xb.o(.text)
    EXTI9_5_IRQHandler                       0x080001b7   Thumb Code     0  startup_stm32f103xb.o(.text)
    FLASH_IRQHandler                         0x080001b7   Thumb Code     0  startup_stm32f103xb.o(.text)
    I2C1_ER_IRQHandler                       0x080001b7   Thumb Code     0  startup_stm32f103xb.o(.text)
    I2C1_EV_IRQHandler                       0x080001b7   Thumb Code     0  startup_stm32f103xb.o(.text)
    I2C2_ER_IRQHandler                       0x080001b7   Thumb Code     0  startup_stm32f103xb.o(.text)
    I2C2_EV_IRQHandler                       0x080001b7   Thumb Code     0  startup_stm32f103xb.o(.text)
    PVD_IRQHandler                           0x080001b7   Thumb Code     0  startup_stm32f103xb.o(.text)
    RCC_IRQHandler                           0x080001b7   Thumb Code     0  startup_stm32f103xb.o(.text)
    RTC_Alarm_IRQHandler                     0x080001b7   Thumb Code     0  startup_stm32f103xb.o(.text)
    RTC_IRQHandler                           0x080001b7   Thumb Code     0  startup_stm32f103xb.o(.text)
    SPI1_IRQHandler                          0x080001b7   Thumb Code     0  startup_stm32f103xb.o(.text)
    SPI2_IRQHandler                          0x080001b7   Thumb Code     0  startup_stm32f103xb.o(.text)
    TAMPER_IRQHandler                        0x080001b7   Thumb Code     0  startup_stm32f103xb.o(.text)
    TIM1_BRK_IRQHandler                      0x080001b7   Thumb Code     0  startup_stm32f103xb.o(.text)
    TIM1_CC_IRQHandler                       0x080001b7   Thumb Code     0  startup_stm32f103xb.o(.text)
    TIM1_TRG_COM_IRQHandler                  0x080001b7   Thumb Code     0  startup_stm32f103xb.o(.text)
    TIM1_UP_IRQHandler                       0x080001b7   Thumb Code     0  startup_stm32f103xb.o(.text)
    TIM2_IRQHandler                          0x080001b7   Thumb Code     0  startup_stm32f103xb.o(.text)
    TIM3_IRQHandler                          0x080001b7   Thumb Code     0  startup_stm32f103xb.o(.text)
    TIM4_IRQHandler                          0x080001b7   Thumb Code     0  startup_stm32f103xb.o(.text)
    USART1_IRQHandler                        0x080001b7   Thumb Code     0  startup_stm32f103xb.o(.text)
    USART2_IRQHandler                        0x080001b7   Thumb Code     0  startup_stm32f103xb.o(.text)
    USART3_IRQHandler                        0x080001b7   Thumb Code     0  startup_stm32f103xb.o(.text)
    USBWakeUp_IRQHandler                     0x080001b7   Thumb Code     0  startup_stm32f103xb.o(.text)
    USB_HP_CAN1_TX_IRQHandler                0x080001b7   Thumb Code     0  startup_stm32f103xb.o(.text)
    USB_LP_CAN1_RX0_IRQHandler               0x080001b7   Thumb Code     0  startup_stm32f103xb.o(.text)
    WWDG_IRQHandler                          0x080001b7   Thumb Code     0  startup_stm32f103xb.o(.text)
    __aeabi_llsr                             0x080001c1   Thumb Code    32  llushr.o(.text)
    _ll_ushift_r                             0x080001c1   Thumb Code     0  llushr.o(.text)
    __aeabi_memset                           0x080001e1   Thumb Code    14  memseta.o(.text)
    __aeabi_memset4                          0x080001e1   Thumb Code     0  memseta.o(.text)
    __aeabi_memset8                          0x080001e1   Thumb Code     0  memseta.o(.text)
    __aeabi_memclr                           0x080001ef   Thumb Code     4  memseta.o(.text)
    __aeabi_memclr4                          0x080001ef   Thumb Code     0  memseta.o(.text)
    __aeabi_memclr8                          0x080001ef   Thumb Code     0  memseta.o(.text)
    _memset$wrapper                          0x080001f3   Thumb Code    18  memseta.o(.text)
    strlen                                   0x08000205   Thumb Code    14  strlen.o(.text)
    strcmp                                   0x08000213   Thumb Code    28  strcmp.o(.text)
    strrchr                                  0x0800022f   Thumb Code    22  strrchr.o(.text)
    __aeabi_fadd                             0x08000245   Thumb Code   164  fadd.o(.text)
    __aeabi_fsub                             0x080002e9   Thumb Code     6  fadd.o(.text)
    __aeabi_frsub                            0x080002ef   Thumb Code     6  fadd.o(.text)
    __aeabi_fmul                             0x080002f5   Thumb Code   100  fmul.o(.text)
    __aeabi_fdiv                             0x08000359   Thumb Code   124  fdiv.o(.text)
    __aeabi_dadd                             0x080003d5   Thumb Code   322  dadd.o(.text)
    __aeabi_dsub                             0x08000517   Thumb Code     6  dadd.o(.text)
    __aeabi_drsub                            0x0800051d   Thumb Code     6  dadd.o(.text)
    __aeabi_dmul                             0x08000523   Thumb Code   228  dmul.o(.text)
    __aeabi_ddiv                             0x08000607   Thumb Code   222  ddiv.o(.text)
    __aeabi_i2f                              0x080006e5   Thumb Code    18  fflti.o(.text)
    __aeabi_i2d                              0x080006f7   Thumb Code    34  dflti.o(.text)
    __aeabi_ui2d                             0x08000719   Thumb Code    26  dfltui.o(.text)
    __aeabi_f2uiz                            0x08000733   Thumb Code    40  ffixui.o(.text)
    __aeabi_d2uiz                            0x0800075b   Thumb Code    50  dfixui.o(.text)
    __aeabi_f2d                              0x0800078d   Thumb Code    38  f2d.o(.text)
    __aeabi_d2f                              0x080007b3   Thumb Code    56  d2f.o(.text)
    __aeabi_cfcmpeq                          0x080007ed   Thumb Code     0  cfcmple.o(.text)
    __aeabi_cfcmple                          0x080007ed   Thumb Code    20  cfcmple.o(.text)
    __aeabi_cfrcmple                         0x08000801   Thumb Code    20  cfrcmple.o(.text)
    __aeabi_uidiv                            0x08000815   Thumb Code     0  uidiv.o(.text)
    __aeabi_uidivmod                         0x08000815   Thumb Code    44  uidiv.o(.text)
    __aeabi_uldivmod                         0x08000841   Thumb Code    98  uldiv.o(.text)
    __aeabi_llsl                             0x080008a3   Thumb Code    30  llshl.o(.text)
    _ll_shift_l                              0x080008a3   Thumb Code     0  llshl.o(.text)
    __aeabi_lasr                             0x080008c1   Thumb Code    36  llsshr.o(.text)
    _ll_sshift_r                             0x080008c1   Thumb Code     0  llsshr.o(.text)
    __I$use$fp                               0x080008e5   Thumb Code     0  iusefp.o(.text)
    _float_round                             0x080008e5   Thumb Code    18  fepilogue.o(.text)
    _float_epilogue                          0x080008f7   Thumb Code    92  fepilogue.o(.text)
    _double_round                            0x08000953   Thumb Code    30  depilogue.o(.text)
    _double_epilogue                         0x08000971   Thumb Code   156  depilogue.o(.text)
    __ARM_scalbn                             0x08000a0d   Thumb Code    46  dscalb.o(.text)
    scalbn                                   0x08000a0d   Thumb Code     0  dscalb.o(.text)
    __aeabi_d2ulz                            0x08000a3b   Thumb Code    48  dfixul.o(.text)
    __aeabi_cdcmpeq                          0x08000a6d   Thumb Code     0  cdcmple.o(.text)
    __aeabi_cdcmple                          0x08000a6d   Thumb Code    48  cdcmple.o(.text)
    __aeabi_cdrcmple                         0x08000a9d   Thumb Code    48  cdrcmple.o(.text)
    __scatterload                            0x08000acd   Thumb Code    28  init.o(.text)
    __scatterload_rt2                        0x08000acd   Thumb Code     0  init.o(.text)
    __decompress                             0x08000af1   Thumb Code     0  __dczerorl.o(.text)
    __decompress0                            0x08000af1   Thumb Code    58  __dczerorl.o(.text)
    App_Task_Start                           0x08000b2d   Thumb Code   354  app_task.o(i.App_Task_Start)
    App_display_Init                         0x08000d0d   Thumb Code    68  app_display.o(i.App_display_Init)
    App_display_handle                       0x08000d55   Thumb Code   264  app_display.o(i.App_display_handle)
    BusFault_Handler                         0x08000ec9   Thumb Code     4  stm32f1xx_it.o(i.BusFault_Handler)
    DebugMon_Handler                         0x08000ecd   Thumb Code     2  stm32f1xx_it.o(i.DebugMon_Handler)
    Error_Handler                            0x08000ecf   Thumb Code     6  main.o(i.Error_Handler)
    HAL_CAN_ConfigFilter                     0x08000ed5   Thumb Code   266  stm32f1xx_hal_can.o(i.HAL_CAN_ConfigFilter)
    HAL_CAN_GetRxFifoFillLevel               0x08000fdf   Thumb Code    40  stm32f1xx_hal_can.o(i.HAL_CAN_GetRxFifoFillLevel)
    HAL_CAN_GetRxMessage                     0x08001007   Thumb Code   404  stm32f1xx_hal_can.o(i.HAL_CAN_GetRxMessage)
    HAL_CAN_Init                             0x0800119b   Thumb Code   372  stm32f1xx_hal_can.o(i.HAL_CAN_Init)
    HAL_CAN_MspInit                          0x08001311   Thumb Code   122  can.o(i.HAL_CAN_MspInit)
    HAL_CAN_Start                            0x08001399   Thumb Code    94  stm32f1xx_hal_can.o(i.HAL_CAN_Start)
    HAL_Delay                                0x080013f9   Thumb Code    36  stm32f1xx_hal.o(i.HAL_Delay)
    HAL_GPIO_Init                            0x08001421   Thumb Code   766  stm32f1xx_hal_gpio.o(i.HAL_GPIO_Init)
    HAL_GPIO_WritePin                        0x08001741   Thumb Code    12  stm32f1xx_hal_gpio.o(i.HAL_GPIO_WritePin)
    HAL_GetTick                              0x0800174d   Thumb Code     6  stm32f1xx_hal.o(i.HAL_GetTick)
    HAL_I2C_Init                             0x08001759   Thumb Code   446  stm32f1xx_hal_i2c.o(i.HAL_I2C_Init)
    HAL_I2C_Master_Transmit                  0x08001929   Thumb Code   360  stm32f1xx_hal_i2c.o(i.HAL_I2C_Master_Transmit)
    HAL_I2C_Mem_Read                         0x08001a99   Thumb Code   868  stm32f1xx_hal_i2c.o(i.HAL_I2C_Mem_Read)
    HAL_I2C_Mem_Write                        0x08001e0d   Thumb Code   348  stm32f1xx_hal_i2c.o(i.HAL_I2C_Mem_Write)
    HAL_I2C_MspInit                          0x08001f71   Thumb Code   106  i2c.o(i.HAL_I2C_MspInit)
    HAL_IncTick                              0x08001fe9   Thumb Code    16  stm32f1xx_hal.o(i.HAL_IncTick)
    HAL_Init                                 0x08002001   Thumb Code    34  stm32f1xx_hal.o(i.HAL_Init)
    HAL_InitTick                             0x08002029   Thumb Code    64  stm32f1xx_hal.o(i.HAL_InitTick)
    HAL_MspInit                              0x08002075   Thumb Code    76  stm32f1xx_hal_msp.o(i.HAL_MspInit)
    HAL_NVIC_SetPriority                     0x080020c9   Thumb Code   124  stm32f1xx_hal_cortex.o(i.HAL_NVIC_SetPriority)
    HAL_NVIC_SetPriorityGrouping             0x08002145   Thumb Code    32  stm32f1xx_hal_cortex.o(i.HAL_NVIC_SetPriorityGrouping)
    HAL_RCC_ClockConfig                      0x0800216d   Thumb Code   376  stm32f1xx_hal_rcc.o(i.HAL_RCC_ClockConfig)
    HAL_RCC_GetHCLKFreq                      0x080022f9   Thumb Code     6  stm32f1xx_hal_rcc.o(i.HAL_RCC_GetHCLKFreq)
    HAL_RCC_GetPCLK1Freq                     0x08002305   Thumb Code    22  stm32f1xx_hal_rcc.o(i.HAL_RCC_GetPCLK1Freq)
    HAL_RCC_GetPCLK2Freq                     0x08002325   Thumb Code    22  stm32f1xx_hal_rcc.o(i.HAL_RCC_GetPCLK2Freq)
    HAL_RCC_GetSysClockFreq                  0x08002345   Thumb Code    92  stm32f1xx_hal_rcc.o(i.HAL_RCC_GetSysClockFreq)
    HAL_RCC_OscConfig                        0x080023b5   Thumb Code  1114  stm32f1xx_hal_rcc.o(i.HAL_RCC_OscConfig)
    HAL_SYSTICK_Config                       0x08002819   Thumb Code    52  stm32f1xx_hal_cortex.o(i.HAL_SYSTICK_Config)
    HAL_UART_Init                            0x0800284d   Thumb Code   118  stm32f1xx_hal_uart.o(i.HAL_UART_Init)
    HAL_UART_MspInit                         0x080028c5   Thumb Code   122  usart.o(i.HAL_UART_MspInit)
    HAL_UART_Transmit                        0x0800294d   Thumb Code   190  stm32f1xx_hal_uart.o(i.HAL_UART_Transmit)
    HardFault_Handler                        0x08002a0b   Thumb Code     4  stm32f1xx_it.o(i.HardFault_Handler)
    Inf_OLED_Clear                           0x0800305d   Thumb Code    42  int_oled.o(i.Inf_OLED_Clear)
    Inf_OLED_DrawPoint                       0x0800308d   Thumb Code   114  int_oled.o(i.Inf_OLED_DrawPoint)
    Inf_OLED_Init                            0x08003105   Thumb Code   240  int_oled.o(i.Inf_OLED_Init)
    Inf_OLED_Refresh                         0x080031f5   Thumb Code    70  int_oled.o(i.Inf_OLED_Refresh)
    Inf_OLED_ShowChar                        0x08003241   Thumb Code   300  int_oled.o(i.Inf_OLED_ShowChar)
    Inf_OLED_ShowChinese                     0x0800337d   Thumb Code   186  int_oled.o(i.Inf_OLED_ShowChinese)
    Inf_OLED_ShowString                      0x0800343d   Thumb Code    80  int_oled.o(i.Inf_OLED_ShowString)
    Inf_OLED_WR_Byte                         0x0800348d   Thumb Code    40  int_oled.o(i.Inf_OLED_WR_Byte)
    Int_BQ769_ChargeCtrl                     0x080034b9   Thumb Code   160  int_bq769.o(i.Int_BQ769_ChargeCtrl)
    Int_BQ769_DisChargeCtrl                  0x08003585   Thumb Code   160  int_bq769.o(i.Int_BQ769_DisChargeCtrl)
    Int_BQ769_GetCellVoltage                 0x08003651   Thumb Code   260  int_bq769.o(i.Int_BQ769_GetCellVoltage)
    Int_BQ769_GetCurrent                     0x08003791   Thumb Code   374  int_bq769.o(i.Int_BQ769_GetCurrent)
    Int_BQ769_GetPackVoltage                 0x080039b5   Thumb Code   260  int_bq769.o(i.Int_BQ769_GetPackVoltage)
    Int_BQ769_GetSOC                         0x08003af9   Thumb Code   408  int_bq769.o(i.Int_BQ769_GetSOC)
    Int_BQ769_GetTemperature                 0x08003d29   Thumb Code   370  int_bq769.o(i.Int_BQ769_GetTemperature)
    Int_BQ769_Init                           0x08003ef1   Thumb Code  1544  int_bq769.o(i.Int_BQ769_Init)
    Int_CAN_Init                             0x08004639   Thumb Code    46  int_can.o(i.Int_CAN_Init)
    Int_CAN_Receive_Msg                      0x0800466d   Thumb Code    66  int_can.o(i.Int_CAN_Receive_Msg)
    MX_CAN_Init                              0x080046b5   Thumb Code    62  can.o(i.MX_CAN_Init)
    MX_GPIO_Init                             0x080046fd   Thumb Code   162  gpio.o(i.MX_GPIO_Init)
    MX_I2C2_Init                             0x080047a9   Thumb Code    48  i2c.o(i.MX_I2C2_Init)
    MX_USART1_UART_Init                      0x080047e5   Thumb Code    46  usart.o(i.MX_USART1_UART_Init)
    MemManage_Handler                        0x0800481d   Thumb Code     4  stm32f1xx_it.o(i.MemManage_Handler)
    NMI_Handler                              0x08004821   Thumb Code     4  stm32f1xx_it.o(i.NMI_Handler)
    SysTick_Handler                          0x0800484d   Thumb Code    20  stm32f1xx_it.o(i.SysTick_Handler)
    SystemClock_Config                       0x08004861   Thumb Code   102  main.o(i.SystemClock_Config)
    SystemInit                               0x080048c7   Thumb Code     2  system_stm32f1xx.o(i.SystemInit)
    UsageFault_Handler                       0x08004abd   Thumb Code     4  stm32f1xx_it.o(i.UsageFault_Handler)
    __0printf                                0x08004ac1   Thumb Code    22  printfa.o(i.__0printf)
    __1printf                                0x08004ac1   Thumb Code     0  printfa.o(i.__0printf)
    __2printf                                0x08004ac1   Thumb Code     0  printfa.o(i.__0printf)
    __c89printf                              0x08004ac1   Thumb Code     0  printfa.o(i.__0printf)
    printf                                   0x08004ac1   Thumb Code     0  printfa.o(i.__0printf)
    __0sprintf                               0x08004ae1   Thumb Code    34  printfa.o(i.__0sprintf)
    __1sprintf                               0x08004ae1   Thumb Code     0  printfa.o(i.__0sprintf)
    __2sprintf                               0x08004ae1   Thumb Code     0  printfa.o(i.__0sprintf)
    __c89sprintf                             0x08004ae1   Thumb Code     0  printfa.o(i.__0sprintf)
    sprintf                                  0x08004ae1   Thumb Code     0  printfa.o(i.__0sprintf)
    __kernel_poly                            0x08004b41   Thumb Code   170  poly.o(i.__kernel_poly)
    __mathlib_dbl_divzero                    0x08004bed   Thumb Code    12  dunder.o(i.__mathlib_dbl_divzero)
    __mathlib_dbl_infnan                     0x08004bfd   Thumb Code     6  dunder.o(i.__mathlib_dbl_infnan)
    __mathlib_dbl_invalid                    0x08004c03   Thumb Code    12  dunder.o(i.__mathlib_dbl_invalid)
    __scatterload_copy                       0x08004c0f   Thumb Code    14  handlers.o(i.__scatterload_copy)
    __scatterload_null                       0x08004c1d   Thumb Code     2  handlers.o(i.__scatterload_null)
    __scatterload_zeroinit                   0x08004c1f   Thumb Code    14  handlers.o(i.__scatterload_zeroinit)
    __set_errno                              0x08004c2d   Thumb Code     6  errno.o(i.__set_errno)
    bq_task                                  0x080054cd   Thumb Code   750  app_task.o(i.bq_task)
    can_task                                 0x08005869   Thumb Code   746  app_task.o(i.can_task)
    display_task                             0x08005bb1   Thumb Code    20  app_task.o(i.display_task)
    fputc                                    0x08005bc5   Thumb Code    22  com_debug.o(i.fputc)
    log                                      0x08005be1   Thumb Code   808  log.o(i.log)
    main                                     0x08005f3d   Thumb Code    32  main.o(i.main)
    pvPortMalloc                             0x08006389   Thumb Code   208  heap_4.o(i.pvPortMalloc)
    pxPortInitialiseStack                    0x0800646d   Thumb Code    30  port.o(i.pxPortInitialiseStack)
    start_task                               0x08006491   Thumb Code   850  app_task.o(i.start_task)
    uxListRemove                             0x08006925   Thumb Code    40  list.o(i.uxListRemove)
    vListInitialise                          0x0800694d   Thumb Code    26  list.o(i.vListInitialise)
    vListInitialiseItem                      0x08006967   Thumb Code     6  list.o(i.vListInitialiseItem)
    vListInsert                              0x0800696d   Thumb Code    52  list.o(i.vListInsert)
    vListInsertEnd                           0x080069a1   Thumb Code    24  list.o(i.vListInsertEnd)
    vPortEnterCritical                       0x080069b9   Thumb Code    30  port.o(i.vPortEnterCritical)
    vPortExitCritical                        0x080069dd   Thumb Code    28  port.o(i.vPortExitCritical)
    vPortFree                                0x080069fd   Thumb Code    68  heap_4.o(i.vPortFree)
    vPortSetupTimerInterrupt                 0x08006a49   Thumb Code    20  port.o(i.vPortSetupTimerInterrupt)
    vTaskDelay                               0x08006a61   Thumb Code    46  tasks.o(i.vTaskDelay)
    vTaskDelete                              0x08006a95   Thumb Code   174  tasks.o(i.vTaskDelete)
    vTaskStartScheduler                      0x08006b69   Thumb Code    76  tasks.o(i.vTaskStartScheduler)
    vTaskSuspendAll                          0x08006bd5   Thumb Code    12  tasks.o(i.vTaskSuspendAll)
    vTaskSwitchContext                       0x08006be5   Thumb Code    76  tasks.o(i.vTaskSwitchContext)
    xPortStartScheduler                      0x08006c45   Thumb Code    42  port.o(i.xPortStartScheduler)
    xPortSysTickHandler                      0x08006c79   Thumb Code    46  port.o(i.xPortSysTickHandler)
    xTaskCreate                              0x08006cad   Thumb Code   104  tasks.o(i.xTaskCreate)
    xTaskGetSchedulerState                   0x08006d15   Thumb Code    24  tasks.o(i.xTaskGetSchedulerState)
    xTaskIncrementTick                       0x08006d35   Thumb Code   356  tasks.o(i.xTaskIncrementTick)
    xTaskResumeAll                           0x08006ec5   Thumb Code   310  tasks.o(i.xTaskResumeAll)
    AHBPrescTable                            0x08007032   Data          16  system_stm32f1xx.o(.constdata)
    APBPrescTable                            0x08007042   Data           8  system_stm32f1xx.o(.constdata)
    asc2_0806                                0x0800704a   Data         552  int_oled.o(.constdata)
    asc2_1206                                0x08007272   Data        1140  int_oled.o(.constdata)
    asc2_1608                                0x080076e6   Data        1520  int_oled.o(.constdata)
    asc2_2412                                0x08007cd6   Data        3420  int_oled.o(.constdata)
    Hzk1                                     0x08008a32   Data         224  int_oled.o(.constdata)
    __mathlib_zero                           0x08008b50   Data           8  qnan.o(.constdata)
    Region$$Table$$Base                      0x08008b58   Number         0  anon$$obj.o(Region$$Table)
    Region$$Table$$Limit                     0x08008b78   Number         0  anon$$obj.o(Region$$Table)
    uwTick                                   0x20000000   Data           4  stm32f1xx_hal.o(.data)
    uwTickPrio                               0x20000004   Data           4  stm32f1xx_hal.o(.data)
    uwTickFreq                               0x20000008   Data           1  stm32f1xx_hal.o(.data)
    SystemCoreClock                          0x2000000c   Data           4  system_stm32f1xx.o(.data)
    start_task_handle                        0x20000010   Data           4  app_task.o(.data)
    bq_task_handle                           0x20000014   Data           4  app_task.o(.data)
    display_task_handle                      0x20000018   Data           4  app_task.o(.data)
    can_task_handle                          0x2000001c   Data           4  app_task.o(.data)
    read_current                             0x20000020   Data           4  app_task.o(.data)
    read_PackVoltage                         0x20000024   Data           4  app_task.o(.data)
    temperature                              0x20000028   Data           4  app_task.o(.data)
    read_SOC                                 0x2000002c   Data           4  app_task.o(.data)
    display_buff                             0x20000030   Data           8  app_display.o(.data)
    bq_gain                                  0x20000038   Data           2  int_bq769.o(.data)
    bq_gain_mV                               0x2000003c   Data           4  int_bq769.o(.data)
    bq_offset                                0x20000040   Data           1  int_bq769.o(.data)
    SocOcvTab                                0x20000042   Data         202  int_bq769.o(.data)
    pxCurrentTCB                             0x2000012c   Data           4  tasks.o(.data)
    uxTopUsedPriority                        0x20000164   Data           4  tasks.o(.data)
    __stdout                                 0x2000016c   Data           4  stdout.o(.data)
    hcan                                     0x20000174   Data          40  can.o(.bss)
    hi2c2                                    0x2000019c   Data          84  i2c.o(.bss)
    huart1                                   0x200001f0   Data          72  usart.o(.bss)
    read_CellVoltage_buff                    0x20000238   Data          20  app_task.o(.bss)
    bq769_reg                                0x2000024c   Data          56  int_bq769.o(.bss)
    BQ769_Read_Buff                          0x20000284   Data         128  int_bq769.o(.bss)
    OLED_GRAM                                0x20000304   Data        1152  int_oled.o(.bss)
    __initial_sp                             0x20003e68   Data           0  startup_stm32f103xb.o(STACK)



==============================================================================

Memory Map of the image

  Image Entry point : 0x080000ed

  Load Region LR_IROM1 (Base: 0x08000000, Size: 0x00008cec, Max: 0x00010000, ABSOLUTE, COMPRESSED[0x00008c58])

    Execution Region ER_IROM1 (Exec base: 0x08000000, Load base: 0x08000000, Size: 0x00008b78, Max: 0x00010000, ABSOLUTE)

    Exec Addr    Load Addr    Size         Type   Attr      Idx    E Section Name        Object

    0x08000000   0x08000000   0x000000ec   Data   RO            3    RESET               startup_stm32f103xb.o
    0x080000ec   0x080000ec   0x00000000   Code   RO         3942  * .ARM.Collect$$$$00000000  mc_w.l(entry.o)
    0x080000ec   0x080000ec   0x00000004   Code   RO         4267    .ARM.Collect$$$$00000001  mc_w.l(entry2.o)
    0x080000f0   0x080000f0   0x00000004   Code   RO         4270    .ARM.Collect$$$$00000004  mc_w.l(entry5.o)
    0x080000f4   0x080000f4   0x00000000   Code   RO         4272    .ARM.Collect$$$$00000008  mc_w.l(entry7b.o)
    0x080000f4   0x080000f4   0x00000000   Code   RO         4274    .ARM.Collect$$$$0000000A  mc_w.l(entry8b.o)
    0x080000f4   0x080000f4   0x00000008   Code   RO         4275    .ARM.Collect$$$$0000000B  mc_w.l(entry9a.o)
    0x080000fc   0x080000fc   0x00000004   Code   RO         4282    .ARM.Collect$$$$0000000E  mc_w.l(entry12b.o)
    0x08000100   0x08000100   0x00000000   Code   RO         4277    .ARM.Collect$$$$0000000F  mc_w.l(entry10a.o)
    0x08000100   0x08000100   0x00000000   Code   RO         4279    .ARM.Collect$$$$00000011  mc_w.l(entry11a.o)
    0x08000100   0x08000100   0x00000004   Code   RO         4268    .ARM.Collect$$$$00002712  mc_w.l(entry2.o)
    0x08000104   0x08000104   0x00000096   Code   RO         3144    .emb_text           port.o
    0x0800019a   0x0800019a   0x00000002   PAD
    0x0800019c   0x0800019c   0x00000024   Code   RO            4    .text               startup_stm32f103xb.o
    0x080001c0   0x080001c0   0x00000020   Code   RO         3945    .text               mc_w.l(llushr.o)
    0x080001e0   0x080001e0   0x00000024   Code   RO         3949    .text               mc_w.l(memseta.o)
    0x08000204   0x08000204   0x0000000e   Code   RO         3951    .text               mc_w.l(strlen.o)
    0x08000212   0x08000212   0x0000001c   Code   RO         3953    .text               mc_w.l(strcmp.o)
    0x0800022e   0x0800022e   0x00000016   Code   RO         3955    .text               mc_w.l(strrchr.o)
    0x08000244   0x08000244   0x000000b0   Code   RO         4220    .text               mf_w.l(fadd.o)
    0x080002f4   0x080002f4   0x00000064   Code   RO         4222    .text               mf_w.l(fmul.o)
    0x08000358   0x08000358   0x0000007c   Code   RO         4224    .text               mf_w.l(fdiv.o)
    0x080003d4   0x080003d4   0x0000014e   Code   RO         4226    .text               mf_w.l(dadd.o)
    0x08000522   0x08000522   0x000000e4   Code   RO         4228    .text               mf_w.l(dmul.o)
    0x08000606   0x08000606   0x000000de   Code   RO         4230    .text               mf_w.l(ddiv.o)
    0x080006e4   0x080006e4   0x00000012   Code   RO         4232    .text               mf_w.l(fflti.o)
    0x080006f6   0x080006f6   0x00000022   Code   RO         4234    .text               mf_w.l(dflti.o)
    0x08000718   0x08000718   0x0000001a   Code   RO         4236    .text               mf_w.l(dfltui.o)
    0x08000732   0x08000732   0x00000028   Code   RO         4238    .text               mf_w.l(ffixui.o)
    0x0800075a   0x0800075a   0x00000032   Code   RO         4240    .text               mf_w.l(dfixui.o)
    0x0800078c   0x0800078c   0x00000026   Code   RO         4242    .text               mf_w.l(f2d.o)
    0x080007b2   0x080007b2   0x00000038   Code   RO         4244    .text               mf_w.l(d2f.o)
    0x080007ea   0x080007ea   0x00000002   PAD
    0x080007ec   0x080007ec   0x00000014   Code   RO         4246    .text               mf_w.l(cfcmple.o)
    0x08000800   0x08000800   0x00000014   Code   RO         4248    .text               mf_w.l(cfrcmple.o)
    0x08000814   0x08000814   0x0000002c   Code   RO         4284    .text               mc_w.l(uidiv.o)
    0x08000840   0x08000840   0x00000062   Code   RO         4286    .text               mc_w.l(uldiv.o)
    0x080008a2   0x080008a2   0x0000001e   Code   RO         4288    .text               mc_w.l(llshl.o)
    0x080008c0   0x080008c0   0x00000024   Code   RO         4290    .text               mc_w.l(llsshr.o)
    0x080008e4   0x080008e4   0x00000000   Code   RO         4299    .text               mc_w.l(iusefp.o)
    0x080008e4   0x080008e4   0x0000006e   Code   RO         4300    .text               mf_w.l(fepilogue.o)
    0x08000952   0x08000952   0x000000ba   Code   RO         4302    .text               mf_w.l(depilogue.o)
    0x08000a0c   0x08000a0c   0x0000002e   Code   RO         4304    .text               mf_w.l(dscalb.o)
    0x08000a3a   0x08000a3a   0x00000030   Code   RO         4306    .text               mf_w.l(dfixul.o)
    0x08000a6a   0x08000a6a   0x00000002   PAD
    0x08000a6c   0x08000a6c   0x00000030   Code   RO         4308    .text               mf_w.l(cdcmple.o)
    0x08000a9c   0x08000a9c   0x00000030   Code   RO         4310    .text               mf_w.l(cdrcmple.o)
    0x08000acc   0x08000acc   0x00000024   Code   RO         4312    .text               mc_w.l(init.o)
    0x08000af0   0x08000af0   0x0000003a   Code   RO         4322    .text               mc_w.l(__dczerorl.o)
    0x08000b2a   0x08000b2a   0x00000002   PAD
    0x08000b2c   0x08000b2c   0x000001e0   Code   RO         2653    i.App_Task_Start    app_task.o
    0x08000d0c   0x08000d0c   0x00000048   Code   RO         2711    i.App_display_Init  app_display.o
    0x08000d54   0x08000d54   0x00000138   Code   RO         2712    i.App_display_handle  app_display.o
    0x08000e8c   0x08000e8c   0x0000003c   Code   RO         2785    i.BQ769x0_CRC8      int_bq769.o
    0x08000ec8   0x08000ec8   0x00000004   Code   RO          365    i.BusFault_Handler  stm32f1xx_it.o
    0x08000ecc   0x08000ecc   0x00000002   Code   RO          366    i.DebugMon_Handler  stm32f1xx_it.o
    0x08000ece   0x08000ece   0x00000006   Code   RO           13    i.Error_Handler     main.o
    0x08000ed4   0x08000ed4   0x0000010a   Code   RO          491    i.HAL_CAN_ConfigFilter  stm32f1xx_hal_can.o
    0x08000fde   0x08000fde   0x00000028   Code   RO          496    i.HAL_CAN_GetRxFifoFillLevel  stm32f1xx_hal_can.o
    0x08001006   0x08001006   0x00000194   Code   RO          497    i.HAL_CAN_GetRxMessage  stm32f1xx_hal_can.o
    0x0800119a   0x0800119a   0x00000174   Code   RO          502    i.HAL_CAN_Init      stm32f1xx_hal_can.o
    0x0800130e   0x0800130e   0x00000002   PAD
    0x08001310   0x08001310   0x00000088   Code   RO          240    i.HAL_CAN_MspInit   can.o
    0x08001398   0x08001398   0x0000005e   Code   RO          514    i.HAL_CAN_Start     stm32f1xx_hal_can.o
    0x080013f6   0x080013f6   0x00000002   PAD
    0x080013f8   0x080013f8   0x00000028   Code   RO          729    i.HAL_Delay         stm32f1xx_hal.o
    0x08001420   0x08001420   0x00000320   Code   RO         1044    i.HAL_GPIO_Init     stm32f1xx_hal_gpio.o
    0x08001740   0x08001740   0x0000000c   Code   RO         1048    i.HAL_GPIO_WritePin  stm32f1xx_hal_gpio.o
    0x0800174c   0x0800174c   0x0000000c   Code   RO          733    i.HAL_GetTick       stm32f1xx_hal.o
    0x08001758   0x08001758   0x000001d0   Code   RO         1741    i.HAL_I2C_Init      stm32f1xx_hal_i2c.o
    0x08001928   0x08001928   0x00000170   Code   RO         1754    i.HAL_I2C_Master_Transmit  stm32f1xx_hal_i2c.o
    0x08001a98   0x08001a98   0x00000374   Code   RO         1759    i.HAL_I2C_Mem_Read  stm32f1xx_hal_i2c.o
    0x08001e0c   0x08001e0c   0x00000164   Code   RO         1762    i.HAL_I2C_Mem_Write  stm32f1xx_hal_i2c.o
    0x08001f70   0x08001f70   0x00000078   Code   RO          282    i.HAL_I2C_MspInit   i2c.o
    0x08001fe8   0x08001fe8   0x00000018   Code   RO          739    i.HAL_IncTick       stm32f1xx_hal.o
    0x08002000   0x08002000   0x00000028   Code   RO          740    i.HAL_Init          stm32f1xx_hal.o
    0x08002028   0x08002028   0x0000004c   Code   RO          741    i.HAL_InitTick      stm32f1xx_hal.o
    0x08002074   0x08002074   0x00000054   Code   RO          428    i.HAL_MspInit       stm32f1xx_hal_msp.o
    0x080020c8   0x080020c8   0x0000007c   Code   RO         1210    i.HAL_NVIC_SetPriority  stm32f1xx_hal_cortex.o
    0x08002144   0x08002144   0x00000028   Code   RO         1211    i.HAL_NVIC_SetPriorityGrouping  stm32f1xx_hal_cortex.o
    0x0800216c   0x0800216c   0x0000018c   Code   RO          897    i.HAL_RCC_ClockConfig  stm32f1xx_hal_rcc.o
    0x080022f8   0x080022f8   0x0000000c   Code   RO          902    i.HAL_RCC_GetHCLKFreq  stm32f1xx_hal_rcc.o
    0x08002304   0x08002304   0x00000020   Code   RO          904    i.HAL_RCC_GetPCLK1Freq  stm32f1xx_hal_rcc.o
    0x08002324   0x08002324   0x00000020   Code   RO          905    i.HAL_RCC_GetPCLK2Freq  stm32f1xx_hal_rcc.o
    0x08002344   0x08002344   0x00000070   Code   RO          906    i.HAL_RCC_GetSysClockFreq  stm32f1xx_hal_rcc.o
    0x080023b4   0x080023b4   0x00000464   Code   RO          909    i.HAL_RCC_OscConfig  stm32f1xx_hal_rcc.o
    0x08002818   0x08002818   0x00000034   Code   RO         1215    i.HAL_SYSTICK_Config  stm32f1xx_hal_cortex.o
    0x0800284c   0x0800284c   0x00000076   Code   RO         2273    i.HAL_UART_Init     stm32f1xx_hal_uart.o
    0x080028c2   0x080028c2   0x00000002   PAD
    0x080028c4   0x080028c4   0x00000088   Code   RO          324    i.HAL_UART_MspInit  usart.o
    0x0800294c   0x0800294c   0x000000be   Code   RO         2281    i.HAL_UART_Transmit  stm32f1xx_hal_uart.o
    0x08002a0a   0x08002a0a   0x00000004   Code   RO          367    i.HardFault_Handler  stm32f1xx_it.o
    0x08002a0e   0x08002a0e   0x0000003e   Code   RO         1785    i.I2C_IsAcknowledgeFailed  stm32f1xx_hal_i2c.o
    0x08002a4c   0x08002a4c   0x000000c0   Code   RO         1789    i.I2C_MasterRequestWrite  stm32f1xx_hal_i2c.o
    0x08002b0c   0x08002b0c   0x00000160   Code   RO         1796    i.I2C_RequestMemoryRead  stm32f1xx_hal_i2c.o
    0x08002c6c   0x08002c6c   0x000000e0   Code   RO         1797    i.I2C_RequestMemoryWrite  stm32f1xx_hal_i2c.o
    0x08002d4c   0x08002d4c   0x00000066   Code   RO         1805    i.I2C_WaitOnBTFFlagUntilTimeout  stm32f1xx_hal_i2c.o
    0x08002db2   0x08002db2   0x000000be   Code   RO         1806    i.I2C_WaitOnFlagUntilTimeout  stm32f1xx_hal_i2c.o
    0x08002e70   0x08002e70   0x000000fa   Code   RO         1807    i.I2C_WaitOnMasterAddressFlagUntilTimeout  stm32f1xx_hal_i2c.o
    0x08002f6a   0x08002f6a   0x0000008a   Code   RO         1808    i.I2C_WaitOnRXNEFlagUntilTimeout  stm32f1xx_hal_i2c.o
    0x08002ff4   0x08002ff4   0x00000066   Code   RO         1811    i.I2C_WaitOnTXEFlagUntilTimeout  stm32f1xx_hal_i2c.o
    0x0800305a   0x0800305a   0x00000002   PAD
    0x0800305c   0x0800305c   0x00000030   Code   RO         2935    i.Inf_OLED_Clear    int_oled.o
    0x0800308c   0x0800308c   0x00000078   Code   RO         2942    i.Inf_OLED_DrawPoint  int_oled.o
    0x08003104   0x08003104   0x000000f0   Code   RO         2943    i.Inf_OLED_Init     int_oled.o
    0x080031f4   0x080031f4   0x0000004c   Code   RO         2945    i.Inf_OLED_Refresh  int_oled.o
    0x08003240   0x08003240   0x0000013c   Code   RO         2947    i.Inf_OLED_ShowChar  int_oled.o
    0x0800337c   0x0800337c   0x000000c0   Code   RO         2948    i.Inf_OLED_ShowChinese  int_oled.o
    0x0800343c   0x0800343c   0x00000050   Code   RO         2951    i.Inf_OLED_ShowString  int_oled.o
    0x0800348c   0x0800348c   0x0000002c   Code   RO         2952    i.Inf_OLED_WR_Byte  int_oled.o
    0x080034b8   0x080034b8   0x000000cc   Code   RO         2786    i.Int_BQ769_ChargeCtrl  int_bq769.o
    0x08003584   0x08003584   0x000000cc   Code   RO         2787    i.Int_BQ769_DisChargeCtrl  int_bq769.o
    0x08003650   0x08003650   0x00000140   Code   RO         2788    i.Int_BQ769_GetCellVoltage  int_bq769.o
    0x08003790   0x08003790   0x000001d0   Code   RO         2789    i.Int_BQ769_GetCurrent  int_bq769.o
    0x08003960   0x08003960   0x00000038   Code   RO         2790    i.Int_BQ769_GetGAIN  int_bq769.o
    0x08003998   0x08003998   0x0000001c   Code   RO         2791    i.Int_BQ769_GetOFFSET  int_bq769.o
    0x080039b4   0x080039b4   0x00000144   Code   RO         2792    i.Int_BQ769_GetPackVoltage  int_bq769.o
    0x08003af8   0x08003af8   0x000001f8   Code   RO         2793    i.Int_BQ769_GetSOC  int_bq769.o
    0x08003cf0   0x08003cf0   0x00000038   Code   RO         2794    i.Int_BQ769_GetSOCIndex  int_bq769.o
    0x08003d28   0x08003d28   0x000001c8   Code   RO         2795    i.Int_BQ769_GetTemperature  int_bq769.o
    0x08003ef0   0x08003ef0   0x0000063c   Code   RO         2796    i.Int_BQ769_Init    int_bq769.o
    0x0800452c   0x0800452c   0x00000084   Code   RO         2797    i.Int_BQ769_ReadReg  int_bq769.o
    0x080045b0   0x080045b0   0x0000002c   Code   RO         2798    i.Int_BQ769_WKUP    int_bq769.o
    0x080045dc   0x080045dc   0x0000005c   Code   RO         2799    i.Int_BQ769_WriteReg  int_bq769.o
    0x08004638   0x08004638   0x00000034   Code   RO         2896    i.Int_CAN_Init      int_can.o
    0x0800466c   0x0800466c   0x00000048   Code   RO         2897    i.Int_CAN_Receive_Msg  int_can.o
    0x080046b4   0x080046b4   0x00000048   Code   RO          241    i.MX_CAN_Init       can.o
    0x080046fc   0x080046fc   0x000000ac   Code   RO          215    i.MX_GPIO_Init      gpio.o
    0x080047a8   0x080047a8   0x0000003c   Code   RO          283    i.MX_I2C2_Init      i2c.o
    0x080047e4   0x080047e4   0x00000038   Code   RO          325    i.MX_USART1_UART_Init  usart.o
    0x0800481c   0x0800481c   0x00000004   Code   RO          368    i.MemManage_Handler  stm32f1xx_it.o
    0x08004820   0x08004820   0x00000004   Code   RO          369    i.NMI_Handler       stm32f1xx_it.o
    0x08004824   0x08004824   0x00000028   Code   RO          910    i.RCC_Delay         stm32f1xx_hal_rcc.o
    0x0800484c   0x0800484c   0x00000014   Code   RO          370    i.SysTick_Handler   stm32f1xx_it.o
    0x08004860   0x08004860   0x00000066   Code   RO           14    i.SystemClock_Config  main.o
    0x080048c6   0x080048c6   0x00000002   Code   RO         2617    i.SystemInit        system_stm32f1xx.o
    0x080048c8   0x080048c8   0x0000006c   Code   RO         2296    i.UART_EndRxTransfer  stm32f1xx_hal_uart.o
    0x08004934   0x08004934   0x000000fc   Code   RO         2300    i.UART_SetConfig    stm32f1xx_hal_uart.o
    0x08004a30   0x08004a30   0x0000008c   Code   RO         2304    i.UART_WaitOnFlagUntilTimeout  stm32f1xx_hal_uart.o
    0x08004abc   0x08004abc   0x00000004   Code   RO          371    i.UsageFault_Handler  stm32f1xx_it.o
    0x08004ac0   0x08004ac0   0x00000020   Code   RO         4192    i.__0printf         mc_w.l(printfa.o)
    0x08004ae0   0x08004ae0   0x00000028   Code   RO         4194    i.__0sprintf        mc_w.l(printfa.o)
    0x08004b08   0x08004b08   0x00000010   Code   RO         1217    i.__NVIC_GetPriorityGrouping  stm32f1xx_hal_cortex.o
    0x08004b18   0x08004b18   0x00000028   Code   RO         1218    i.__NVIC_SetPriority  stm32f1xx_hal_cortex.o
    0x08004b40   0x08004b40   0x000000aa   Code   RO         4264    i.__kernel_poly     m_ws.l(poly.o)
    0x08004bea   0x08004bea   0x00000002   PAD
    0x08004bec   0x08004bec   0x00000010   Code   RO         4250    i.__mathlib_dbl_divzero  m_ws.l(dunder.o)
    0x08004bfc   0x08004bfc   0x00000006   Code   RO         4251    i.__mathlib_dbl_infnan  m_ws.l(dunder.o)
    0x08004c02   0x08004c02   0x0000000c   Code   RO         4253    i.__mathlib_dbl_invalid  m_ws.l(dunder.o)
    0x08004c0e   0x08004c0e   0x0000000e   Code   RO         4316    i.__scatterload_copy  mc_w.l(handlers.o)
    0x08004c1c   0x08004c1c   0x00000002   Code   RO         4317    i.__scatterload_null  mc_w.l(handlers.o)
    0x08004c1e   0x08004c1e   0x0000000e   Code   RO         4318    i.__scatterload_zeroinit  mc_w.l(handlers.o)
    0x08004c2c   0x08004c2c   0x0000000c   Code   RO         4294    i.__set_errno       mc_w.l(errno.o)
    0x08004c38   0x08004c38   0x00000184   Code   RO         4199    i._fp_digits        mc_w.l(printfa.o)
    0x08004dbc   0x08004dbc   0x000006b4   Code   RO         4200    i._printf_core      mc_w.l(printfa.o)
    0x08005470   0x08005470   0x00000024   Code   RO         4201    i._printf_post_padding  mc_w.l(printfa.o)
    0x08005494   0x08005494   0x0000002e   Code   RO         4202    i._printf_pre_padding  mc_w.l(printfa.o)
    0x080054c2   0x080054c2   0x0000000a   Code   RO         4204    i._sputc            mc_w.l(printfa.o)
    0x080054cc   0x080054cc   0x0000039c   Code   RO         2654    i.bq_task           app_task.o
    0x08005868   0x08005868   0x00000348   Code   RO         2655    i.can_task          app_task.o
    0x08005bb0   0x08005bb0   0x00000014   Code   RO         2656    i.display_task      app_task.o
    0x08005bc4   0x08005bc4   0x0000001c   Code   RO         2748    i.fputc             com_debug.o
    0x08005be0   0x08005be0   0x0000035c   Code   RO         3933    i.log               m_ws.l(log.o)
    0x08005f3c   0x08005f3c   0x00000020   Code   RO           15    i.main              main.o
    0x08005f5c   0x08005f5c   0x000000c0   Code   RO         3620    i.prvAddCurrentTaskToDelayedList  tasks.o
    0x0800601c   0x0800601c   0x000000e4   Code   RO         3621    i.prvAddNewTaskToReadyList  tasks.o
    0x08006100   0x08006100   0x00000048   Code   RO         3622    i.prvCheckTasksWaitingTermination  tasks.o
    0x08006148   0x08006148   0x00000012   Code   RO         3623    i.prvDeleteTCB      tasks.o
    0x0800615a   0x0800615a   0x00000002   PAD
    0x0800615c   0x0800615c   0x00000070   Code   RO         3068    i.prvHeapInit       heap_4.o
    0x080061cc   0x080061cc   0x00000028   Code   RO         3624    i.prvIdleTask       tasks.o
    0x080061f4   0x080061f4   0x0000007a   Code   RO         3625    i.prvInitialiseNewTask  tasks.o
    0x0800626e   0x0800626e   0x00000002   PAD
    0x08006270   0x08006270   0x00000068   Code   RO         3626    i.prvInitialiseTaskLists  tasks.o
    0x080062d8   0x080062d8   0x00000068   Code   RO         3069    i.prvInsertBlockIntoFreeList  heap_4.o
    0x08006340   0x08006340   0x00000030   Code   RO         3627    i.prvResetNextTaskUnblockTime  tasks.o
    0x08006370   0x08006370   0x00000016   Code   RO         3145    i.prvTaskExitError  port.o
    0x08006386   0x08006386   0x00000002   PAD
    0x08006388   0x08006388   0x000000e4   Code   RO         3071    i.pvPortMalloc      heap_4.o
    0x0800646c   0x0800646c   0x00000024   Code   RO         3146    i.pxPortInitialiseStack  port.o
    0x08006490   0x08006490   0x00000494   Code   RO         2657    i.start_task        app_task.o
    0x08006924   0x08006924   0x00000028   Code   RO         3307    i.uxListRemove      list.o
    0x0800694c   0x0800694c   0x0000001a   Code   RO         3308    i.vListInitialise   list.o
    0x08006966   0x08006966   0x00000006   Code   RO         3309    i.vListInitialiseItem  list.o
    0x0800696c   0x0800696c   0x00000034   Code   RO         3310    i.vListInsert       list.o
    0x080069a0   0x080069a0   0x00000018   Code   RO         3311    i.vListInsertEnd    list.o
    0x080069b8   0x080069b8   0x00000024   Code   RO         3148    i.vPortEnterCritical  port.o
    0x080069dc   0x080069dc   0x00000020   Code   RO         3149    i.vPortExitCritical  port.o
    0x080069fc   0x080069fc   0x0000004c   Code   RO         3072    i.vPortFree         heap_4.o
    0x08006a48   0x08006a48   0x00000018   Code   RO         3150    i.vPortSetupTimerInterrupt  port.o
    0x08006a60   0x08006a60   0x00000034   Code   RO         3635    i.vTaskDelay        tasks.o
    0x08006a94   0x08006a94   0x000000d4   Code   RO         3636    i.vTaskDelete       tasks.o
    0x08006b68   0x08006b68   0x0000006c   Code   RO         3647    i.vTaskStartScheduler  tasks.o
    0x08006bd4   0x08006bd4   0x00000010   Code   RO         3649    i.vTaskSuspendAll   tasks.o
    0x08006be4   0x08006be4   0x00000060   Code   RO         3650    i.vTaskSwitchContext  tasks.o
    0x08006c44   0x08006c44   0x00000034   Code   RO         3151    i.xPortStartScheduler  port.o
    0x08006c78   0x08006c78   0x00000034   Code   RO         3152    i.xPortSysTickHandler  port.o
    0x08006cac   0x08006cac   0x00000068   Code   RO         3653    i.xTaskCreate       tasks.o
    0x08006d14   0x08006d14   0x00000020   Code   RO         3660    i.xTaskGetSchedulerState  tasks.o
    0x08006d34   0x08006d34   0x00000190   Code   RO         3663    i.xTaskIncrementTick  tasks.o
    0x08006ec4   0x08006ec4   0x0000015c   Code   RO         3665    i.xTaskResumeAll    tasks.o
    0x08007020   0x08007020   0x00000012   Data   RO          911    .constdata          stm32f1xx_hal_rcc.o
    0x08007032   0x08007032   0x00000018   Data   RO         2618    .constdata          system_stm32f1xx.o
    0x0800704a   0x0800704a   0x00001ac8   Data   RO         2954    .constdata          int_oled.o
    0x08008b12   0x08008b12   0x00000006   PAD
    0x08008b18   0x08008b18   0x00000038   Data   RO         3934    .constdata          m_ws.l(log.o)
    0x08008b50   0x08008b50   0x00000008   Data   RO         4266    .constdata          m_ws.l(qnan.o)
    0x08008b58   0x08008b58   0x00000020   Data   RO         4314    Region$$Table       anon$$obj.o


    Execution Region RW_IRAM1 (Exec base: 0x20000000, Load base: 0x08008b78, Size: 0x00003e68, Max: 0x00005000, ABSOLUTE, COMPRESSED[0x000000e0])

    Exec Addr    Load Addr    Size         Type   Attr      Idx    E Section Name        Object

    0x20000000   COMPRESSED   0x00000009   Data   RW          747    .data               stm32f1xx_hal.o
    0x20000009   COMPRESSED   0x00000003   PAD
    0x2000000c   COMPRESSED   0x00000004   Data   RW         2619    .data               system_stm32f1xx.o
    0x20000010   COMPRESSED   0x00000020   Data   RW         2659    .data               app_task.o
    0x20000030   COMPRESSED   0x00000008   Data   RW         2713    .data               app_display.o
    0x20000038   COMPRESSED   0x000000d4   Data   RW         2801    .data               int_bq769.o
    0x2000010c   COMPRESSED   0x0000001c   Data   RW         3078    .data               heap_4.o
    0x20000128   COMPRESSED   0x00000004   Data   RW         3153    .data               port.o
    0x2000012c   COMPRESSED   0x00000040   Data   RW         3668    .data               tasks.o
    0x2000016c   COMPRESSED   0x00000004   Data   RW         4283    .data               mc_w.l(stdout.o)
    0x20000170   COMPRESSED   0x00000004   Data   RW         4295    .data               mc_w.l(errno.o)
    0x20000174        -       0x00000028   Zero   RW          242    .bss                can.o
    0x2000019c        -       0x00000054   Zero   RW          284    .bss                i2c.o
    0x200001f0        -       0x00000048   Zero   RW          326    .bss                usart.o
    0x20000238        -       0x00000014   Zero   RW         2658    .bss                app_task.o
    0x2000024c        -       0x000000b8   Zero   RW         2800    .bss                int_bq769.o
    0x20000304        -       0x00000480   Zero   RW         2953    .bss                int_oled.o
    0x20000784        -       0x00003000   Zero   RW         3077    .bss                heap_4.o
    0x20003784        -       0x000002e4   Zero   RW         3667    .bss                tasks.o
    0x20003a68        -       0x00000400   Zero   RW            1    STACK               startup_stm32f103xb.o


==============================================================================

Image component sizes


      Code (inc. data)   RO Data    RW Data    ZI Data      Debug   Object Name

       384         52          0          8          0       1535   app_display.o
      3436        716          0         32         20       4622   app_task.o
       208         24          0          0         40       1647   can.o
        28          6          0          0          0       1780   com_debug.o
       172         10          0          0          0        943   gpio.o
       520         58          0         28      12288       7259   heap_4.o
       180         26          0          0         84       1621   i2c.o
      4540        794          0        212        184      17220   int_bq769.o
       124         12          0          0          0       1849   int_can.o
      1116         44       6856          0       1152       6982   int_oled.o
       148          0          0          0          0       3270   list.o
       140          0          0          0          0     428056   main.o
       404         48          0          4          0       9388   port.o
        36          8        236          0       1024        808   startup_stm32f103xb.o
       192         36          0          9          0       5917   stm32f1xx_hal.o
      1176          0          0          0          0       4714   stm32f1xx_hal_can.o
       272         22          0          0          0      28786   stm32f1xx_hal_cortex.o
       812         34          0          0          0       2684   stm32f1xx_hal_gpio.o
      3684         64          0          0          0      13656   stm32f1xx_hal_i2c.o
        84          8          0          0          0        902   stm32f1xx_hal_msp.o
      1748         98         18          0          0       5996   stm32f1xx_hal_rcc.o
       808          4          0          0          0       4392   stm32f1xx_hal_uart.o
        42          0          0          0          0       3103   stm32f1xx_it.o
         2          0         24          4          0       1131   system_stm32f1xx.o
      2192        308          0         64        740      27314   tasks.o
       192         24          0          0         72       1670   usart.o

    ----------------------------------------------------------------------
     22656       2396       7172        364      15604     587245   Object Totals
         0          0         32          0          0          0   (incl. Generated)
        16          0          6          3          0          0   (incl. Padding)

    ----------------------------------------------------------------------

      Code (inc. data)   RO Data    RW Data    ZI Data      Debug   Library Member Name

        34          4          0          0          0        204   dunder.o
       860         52         56          0          0        256   log.o
       170          0          0          0          0         96   poly.o
         0          0          8          0          0          0   qnan.o
        58          0          0          0          0          0   __dczerorl.o
         0          0          0          0          0          0   entry.o
         0          0          0          0          0          0   entry10a.o
         0          0          0          0          0          0   entry11a.o
         4          0          0          0          0          0   entry12b.o
         8          4          0          0          0          0   entry2.o
         4          0          0          0          0          0   entry5.o
         0          0          0          0          0          0   entry7b.o
         0          0          0          0          0          0   entry8b.o
         8          4          0          0          0          0   entry9a.o
        12          6          0          4          0         68   errno.o
        30          0          0          0          0          0   handlers.o
        36          8          0          0          0         68   init.o
         0          0          0          0          0          0   iusefp.o
        30          0          0          0          0         68   llshl.o
        36          0          0          0          0         68   llsshr.o
        32          0          0          0          0         68   llushr.o
        36          0          0          0          0        108   memseta.o
      2268         96          0          0          0        616   printfa.o
         0          0          0          4          0          0   stdout.o
        28          0          0          0          0         76   strcmp.o
        14          0          0          0          0         68   strlen.o
        22          0          0          0          0         68   strrchr.o
        44          0          0          0          0         80   uidiv.o
        98          0          0          0          0         92   uldiv.o
        48          0          0          0          0         68   cdcmple.o
        48          0          0          0          0         68   cdrcmple.o
        20          0          0          0          0         68   cfcmple.o
        20          0          0          0          0         68   cfrcmple.o
        56          0          0          0          0         88   d2f.o
       334          0          0          0          0        148   dadd.o
       222          0          0          0          0        100   ddiv.o
       186          0          0          0          0        176   depilogue.o
        50          0          0          0          0         76   dfixui.o
        48          0          0          0          0         68   dfixul.o
        34          0          0          0          0         76   dflti.o
        26          0          0          0          0         76   dfltui.o
       228          0          0          0          0         96   dmul.o
        46          0          0          0          0         80   dscalb.o
        38          0          0          0          0         68   f2d.o
       176          0          0          0          0        140   fadd.o
       124          0          0          0          0         88   fdiv.o
       110          0          0          0          0        168   fepilogue.o
        40          0          0          0          0         68   ffixui.o
        18          0          0          0          0         68   fflti.o
       100          0          0          0          0         76   fmul.o

    ----------------------------------------------------------------------
      5812        174         64          8          0       3936   Library Totals
         8          0          0          0          0          0   (incl. Padding)

    ----------------------------------------------------------------------

      Code (inc. data)   RO Data    RW Data    ZI Data      Debug   Library Name

      1064         56         64          0          0        556   m_ws.l
      2768        118          0          8          0       1448   mc_w.l
      1972          0          0          0          0       1932   mf_w.l

    ----------------------------------------------------------------------
      5812        174         64          8          0       3936   Library Totals

    ----------------------------------------------------------------------

==============================================================================


      Code (inc. data)   RO Data    RW Data    ZI Data      Debug   

     28468       2570       7236        372      15604     582885   Grand Totals
     28468       2570       7236        224      15604     582885   ELF Image Totals (compressed)
     28468       2570       7236        224          0          0   ROM Totals

==============================================================================

    Total RO  Size (Code + RO Data)                35704 (  34.87kB)
    Total RW  Size (RW Data + ZI Data)             15976 (  15.60kB)
    Total ROM Size (Code + RO Data + RW Data)      35928 (  35.09kB)

==============================================================================

